// Jest Snapshot v1, https://goo.gl/fbAQLP

exports[`Button should support contentLayout success render 1`] = `
{
  "asFragment": [Function],
  "baseElement": <body>
    <div>
      <button
        class="ant-btn ant-btn-default dtc-button"
        type="button"
      >
        <span
          class="dtc-button__icon dtc-button__icon--middle"
        >
          <span
            data-mock-icon="UploadOutlined"
          />
        </span>
        <span
          class="dtc-button__text dtc-button__text--middle"
        >
          Primary
        </span>
      </button>
    </div>
  </body>,
  "container": <div>
    <button
      class="ant-btn ant-btn-default dtc-button"
      type="button"
    >
      <span
        class="dtc-button__icon dtc-button__icon--middle"
      >
        <span
          data-mock-icon="UploadOutlined"
        />
      </span>
      <span
        class="dtc-button__text dtc-button__text--middle"
      >
        Primary
      </span>
    </button>
  </div>,
  "debug": [Function],
  "findAllByAltText": [Function],
  "findAllByDisplayValue": [Function],
  "findAllByLabelText": [Function],
  "findAllByPlaceholderText": [Function],
  "findAllByRole": [Function],
  "findAllByTestId": [Function],
  "findAllByText": [Function],
  "findAllByTitle": [Function],
  "findByAltText": [Function],
  "findByDisplayValue": [Function],
  "findByLabelText": [Function],
  "findByPlaceholderText": [Function],
  "findByRole": [Function],
  "findByTestId": [Function],
  "findByText": [Function],
  "findByTitle": [Function],
  "getAllByAltText": [Function],
  "getAllByDisplayValue": [Function],
  "getAllByLabelText": [Function],
  "getAllByPlaceholderText": [Function],
  "getAllByRole": [Function],
  "getAllByTestId": [Function],
  "getAllByText": [Function],
  "getAllByTitle": [Function],
  "getByAltText": [Function],
  "getByDisplayValue": [Function],
  "getByLabelText": [Function],
  "getByPlaceholderText": [Function],
  "getByRole": [Function],
  "getByTestId": [Function],
  "getByText": [Function],
  "getByTitle": [Function],
  "queryAllByAltText": [Function],
  "queryAllByDisplayValue": [Function],
  "queryAllByLabelText": [Function],
  "queryAllByPlaceholderText": [Function],
  "queryAllByRole": [Function],
  "queryAllByTestId": [Function],
  "queryAllByText": [Function],
  "queryAllByTitle": [Function],
  "queryByAltText": [Function],
  "queryByDisplayValue": [Function],
  "queryByLabelText": [Function],
  "queryByPlaceholderText": [Function],
  "queryByRole": [Function],
  "queryByTestId": [Function],
  "queryByText": [Function],
  "queryByTitle": [Function],
  "rerender": [Function],
  "unmount": [Function],
}
`;
