// Jest Snapshot v1, https://goo.gl/fbAQLP

exports[`test contextMenu should match snapshot 1`] = `
<DocumentFragment>
  <span
    class="ant-dropdown-trigger ant-dropdown-open"
  >
    <span
      data-testid="test"
    >
      test
    </span>
  </span>
  <div
    style="position: absolute; top: 0px; left: 0px; width: 100%;"
  >
    <div>
      <div
        class="ant-dropdown"
        style="opacity: 0;"
      >
        <ul
          class="ant-dropdown-menu ant-dropdown-menu-root ant-dropdown-menu-vertical ant-dropdown-menu-light dtc-contextMenu-menu"
          data-menu-list="true"
          role="menu"
          tabindex="0"
        >
          <li
            class="ant-dropdown-menu-item ant-dropdown-menu-item-only-child"
            data-menu-id="rc-menu-uuid-test-test"
            role="menuitem"
            tabindex="-1"
          >
            <span
              class="ant-dropdown-menu-title-content"
            >
              test
            </span>
          </li>
          <li
            class="ant-dropdown-menu-item ant-dropdown-menu-item-only-child"
            data-menu-id="rc-menu-uuid-test-confirm"
            role="menuitem"
            tabindex="-1"
          >
            <span
              class="ant-dropdown-menu-title-content"
            >
              <div>
                confirm
              </div>
            </span>
          </li>
        </ul>
        <div
          aria-hidden="true"
          style="display: none;"
        />
      </div>
    </div>
  </div>
</DocumentFragment>
`;
