// Jest Snapshot v1, https://goo.gl/fbAQLP

exports[`Test Form.Table Component Should match snapshot 1`] = `
<DocumentFragment>
  <form
    class="ant-form ant-form-vertical"
    style="height: 400px;"
  >
    <div
      class="ant-table-wrapper dtc-form__table"
    >
      <div
        class="ant-spin-nested-loading"
      >
        <div
          class="ant-spin-container"
        >
          <div
            class="ant-table"
          >
            <div
              class="ant-table-container"
            >
              <div
                class="ant-table-content"
              >
                <table
                  style="table-layout: auto;"
                >
                  <colgroup />
                  <thead
                    class="ant-table-thead"
                  >
                    <tr>
                      <th
                        class="ant-table-cell"
                      >
                        <span
                          class="dtc-form__table__column--required"
                        />
                        Name
                      </th>
                    </tr>
                  </thead>
                  <tbody
                    class="ant-table-tbody"
                  >
                    <tr
                      class="ant-table-row ant-table-row-level-0"
                      data-row-key="0"
                    >
                      <td
                        class="ant-table-cell"
                      >
                        <div
                          class="ant-form-item"
                        >
                          <div
                            class="ant-row ant-form-item-row"
                          >
                            <div
                              class="ant-col ant-form-item-control"
                            >
                              <div
                                class="ant-form-item-control-input"
                              >
                                <div
                                  class="ant-form-item-control-input-content"
                                >
                                  <input
                                    class="ant-input"
                                    id="data_0_name"
                                    placeholder="Name"
                                    type="text"
                                    value="dtstack"
                                  />
                                </div>
                              </div>
                            </div>
                          </div>
                        </div>
                      </td>
                    </tr>
                  </tbody>
                </table>
              </div>
            </div>
          </div>
        </div>
      </div>
    </div>
  </form>
</DocumentFragment>
`;
