// Jest Snapshot v1, https://goo.gl/fbAQLP

exports[`Float Component should match snapshot 1`] = `
<DocumentFragment>
  <div
    class="dtc-float-container test-class react-draggable"
    style="color: red; transform: translate(0px,0px);"
  >
    Test
  </div>
</DocumentFragment>
`;
