// Jest Snapshot v1, https://goo.gl/fbAQLP

exports[`Empty should support empty success render 1`] = `
Object {
  "asFragment": [Function],
  "baseElement": <body>
    <div>
      <div
        class="dtc-empty"
      >
        <div
          class="ant-empty"
        >
          <div
            class="ant-empty-image"
            style="height: 80px;"
          >
            <img
              alt="No Data"
              src="data:image/png;base64,iVBORw0KGgoAAAANSUhEUgAAAMgAAADICAYAAACtWK6eAAAAAXNSR0IArs4c6QAAIABJREFUeF7tnUmMHsd1xx+X4Trc90UUKS6idtmSLFmSLdsKEAQwkpvPCZBLTj7kmpNvuQVBkAQIkBxyCJD4ECcxkCBxZEleZMeWLMuWRIraSHER930fMfh19ePUtLq/rq7e6vu6ChgMpeml+lX96+3vzbtz584diSNSIFIglwLzIkDizogUKKZABEjcHZECIygQARK3R6RABEjcA5ECfhSIHMSPbvGugVAgAmQgCx0/048CESB+dIt3DYQCESADWej4mX4UiADxo1u8ayAUiAAZyELHz/SjQASIH93iXQOhQATIQBY6fqYfBSJA/OgW7xoIBSJABrLQ8TP9KBAB4ke3eNdAKBABMpCFjp/pR4EIED+6xbsGQoEIkIEsdPxMPwpEgPjRLd41EApEgAxkoeNn+lEgAsSPbpXuunZL5MoNkas3zc/tz0Rm0h/9d/J7RmTmjsiC+eZnYc7vhQtElk2JLFsssmyRyNKpSlOJF1ekQARIRYKNuvzGbZFzV0UuA4YbIlduily7KfJZi3Vj5s83QFm+yPyeXiKyZpnIogUNftiAHxUBUmPxb80YQJy9Yn7DJfIGm3XRlMiShWbjwh3Y2PPniSyYZ/6tv/l/n31mQAU34d/8pjgTXOf2HZGbt0Wu3zK/mUPemF4ssma5yNpl5jfcKI7qFIgAqUiz89dETl4UOZsCwq4qxkafRuxZJLJ4oflZtNAAoa0BkOBcN1LAXE3FOZtrzZsnsiLlLJtWiqxc0tZsJu+5ESAOa4oOcfyC+UFk0sHGRxdAvOHERsQJYSDRMc/L142Yx48N5OWLRbasEtm8ynC1OIopEAFSQBuU5k8vGlCcvzp70dQCI+Mj6wOIFplDY/sWboJx4NJ18y18GwPOwrcAlo0rjOgXx1wKRIBkdgQb6aMzIicuGvmfgei0aonIaoCxePy3EEA5d03k0rVZAwLgACg714ksiZaxu4scAZKSAsvTh6dFTl6aFUcSi9BSkZVL29Uj+oIcB8CFlKvw/clhMM+IXgAlFJGxL/okXHbotXkvXjfAOHVprtixYdoo2EMZKPrQABEMHQbxC7Fr1/rJ4Jq+6zhYgCBmHDopcubK7Mm5drkIwMAZN9SB6fjUZWO2VsV+wwqRvRuHyVEGBxAU1PdPiXxyzmwA9It1y0XWA4yopN49F27PGKDg40HJR/TasU7kvvWTKW4WHYiDAgiK93ufGr8B1qd109F6U8Yp1ZoHUBgo8PdvNpx2CGMQAMEy9e4Jcxoy8FtsXR2tNVU2ODQ8ZvmB1q8Q2b9p8mk48QD54LTIR6eNmIAIhYUG238cfhQ4c1nk00sm7AXT8H0bRO5d6/escbhrYgGCGPWbo0bZZKCAb14ZnWFNbErEruPnRQi7YaC/PbRVBCfqpI2JBAiWqd8eM8F8LNo9a41YFUezFLh0Q+STs8Yzj27y8DaR1UubfUffT5sogGC/x0L18RljoVqxWGT72midanOTEU185KyJ98J3snuDcTJOypgYgCBSvXXUOLqwUG1caSxUcXRDAeLWiEKYNJFrIgBCmMQbR0zINyLVjrXDdGp1A4XitxA9fOScEbkIU/nCjvHPeBx7gKAovnnEJA4RSIi+ER1+/UEFB+PHZ030MPkwj+8wou64jrEGCJ5eLFWYHFctNeAYh/Dzcd0srvPGpA5I4CiE7Ty2fXxN62MLEJxW7xw3yjge8a2r8pcPdk/UKgvVZmaf6+YZynUYTBC3Llw14TwPbx1PnXAsAUK+BoGGjE0rjEJeNMjdfi+9FoAAFBxcU1QNWZD+pP+f/0aHWZjmiQ9lM7f5nRxkOBexcBGisn11m29r/tljBxAbHNtWGwdg2QAgAKXKUDABlgUpkBJQ2cCySvNUefbQrsW6hZWL8cAWEdZtXMZYAeTYeZG3jxvSYqlC73AZpy+b1Fk8vpxiOBD5uTEz+++b9r9vz6alujyf0xHgJNxHQZMHqrTOlcszJ+0a4uCOnjec5JFt4yNujQ1AUMh//YnROVw5h24yLCvvnDCy8Ff3ulm5tFpIAqYcIOF30b/xfNeBESEr2iXAQvSbZzYQGYyTaGxQTsI6fOGe8VDcxwIgmHLfOGysVWU6R9FGJWsQf8kj280zmhyAKQukOdwpBRmgKgMTRoX/fkfkmZ0iz+5xA3OT39L2s4jhOn3FHAhP3ht+tmLwAGFT//Jj4+cYZa0qW1gVswhzf3BL2dXt/R0OWCTaASAOgx+9Zzgezrbn94i8sG+yKiUeTq1b+Eme3Bm2MzFogLBhfv6R8ZCjb6B3+I7rt02yFIvylb2+T2n/PrjR6x+L/OVLs++i/i5z/tq+yYiYxQSMsQU/CYfAUzvD/a5gAQIR4RzEVuEh37m+XC7nHnwenNJ55XAPnTIizjP3hc/a//y/TESyPSj49vV9Is/ubh+oVd+A7qQ6lMu9HATk6lDgjuSrx7e73NX9NcEChM1MohMK7J6NxbI4sj9lQE9TrseRfvs21eNGjq+pddnrh0X+4gf5j8C0/fROEYophDjgCuh5ABrgFA3EZvxZ6F17N4WZeBUkQMjn+NURSXY8GWt59Znwa3x4ZlbpZR20IDS/89YFJZ9FIasQz27IAy74p98VQXcqGvgUnt4Vhn5iF9u2y5xSC3hUVDVll0hPwO/0xL3upvuu1i44gKB3/OxDYxUiAzB7SsIljp0zXINB7SqSddAtRp1WXMtJdfayOdm+fF9XJPZ/z7//WuRffjn6fnSzP3g8LL8ChxAHGD+ABYsV1VBYo7xx4oKpoMI6Iv6GFGwaHEDQO0iTpRp5NvEGcHxwUoQK5pw4XLO4QplM7qc4Gtzla/cbmTnkQe2ub/9zuWmYDfW7DxkvdRMDvSCJjl5SL34NrnL5mggGEsaeDabyfXYk63rKRABzIBLcGMoICiAobRAqT++wwQHXWLWsXGnPIzIeXRR1LCeunvg+F+tvXxH5yfvlM0hAv0/kiZ3l1466AjqfuWSKXMCREW+pYF/nLKE6PnWAE5BszDfr4oxFH0EMJtrhnjX1vqOpu4MBCCmbP/vALAx6RzaH/PBZkQvXjEjlCw6IdvGqOdHIn0aEC32wab7zffdZIjo+t8f9+uyVNAHiBzoj5jJ8uHX2uYhbF68ZoO3fki9GwTEx/xJMiqWuSCTz/7rqdwYDkF8eFjl3Jd8ZSDQoUaEQDgtOma4xigzY3mHloVpN8ub+Z98T4YBwHb4g4XCC1ugNOPAYBz81G5sBZ0es9S3Nehd8C0T2bc7nSuS34ywlQvvRba5f3N51QQCEiockPiFLY4K1+1QgD2PyBRSAo24PC3oH4p3H6ci7iganGSERRQ017SabbesyPzwo8vc/rrYJnt8t8kxFfwnfDL2zegCH0/snTUVKBsq0r34C2OAmeTomz0b8PXDS+LNI2aUsbJ+jd4BgWfrp+4b429fMDWBDHk2SosToC1UU8iKi8h6SeDA/ElVaNDAUaE2tsgVKnGRpn0HNN9EOtU0ACVEHZb2oB2LR/F58wAQFugzegVOW+WJJynbPZS2IZ4OTqX6ijUOrKCis5bnLxqKIuT2vhKmGBaH/MJc+E916B8iBT03ZGIiN7mEP2DsbWru3uix02TW6EQh9f3zE5mGRsNE3OdTbnIAmjd7V30nOSZq4lbchCGD8x9fcZ6NNf37/sXKHIpsW8zcgKBM9UbgJ2dEKJnwL3KSKvsB7EKcBGmWCsn4u5kMODyFG/J0WDH2NXgFC4bGff2gcglg37M5GVF/nBIfwKOVNDQUIgY+jTlcWD3Y/p485XWatHufafbapufEcGmwC3rzxvTdF/u3NuZ1toRnpxgRhJj+rRLasFjmVluHBrIo4M2qwDtdumHc/tcvNYsXacLih0zFQ6gkJctVPdB2KlHaMNlg0izhakzQf9axeAUI4BWZXNgTtv3RAfADShFKe/XjMiedTY4Cr+DGKgJyGSXvmzG/7/1UBEnrWqOqEnOCIOtrgpkhGh67Ql41L67iioSInXAvTdxmYss9hnTDPq8UL0Wy5o/9E9UFaY+cp7XpIlonDbYKlN4Bgsv2/jwwIqBKOSMDQHHJOlqS/d8P1Xu9ykOVGCexqAJKZHI6UBdL65dU3ad43QMcfHTJ0LeJIzAnRCqtVmWg1ik4cDpz2bGjtJYLIvMTBf8I+QJQiSSxbBBsO/u6n5s1Y5vpoCdcbQH71iQkwJE6HE4KB5YI8CIjclFKeXVg9MUPz2LYB1JcOGO62YWW+2IQegMe8KVpgPkdv1PgxDj840qhWdoCTeQAypIgsmEnThRv2lcfTC0Aws772gbFO4DXV2BstrtCkUp7deISpEP6AxWz/5ja2ZTjPxAPPpkXfyprH1dyKjkLAY5PxTwCEtVSrGwABKEUmekAMCABLVmmH4wM6REqch1134O0FINTQpcqFrXvoSVEmM9fdfuqs6ts6Uvc7XO4n2QwgoNfYouqV66bYNBuWtNeqeofLu5O6WGeNvgSXQmRessgEiuZZ6RCzELfylHbVRfo41DoHCCfaTz8wJEb3YOGwv1NkDMKtnW7X7o3p9vrN8Ss/47Ips9eoEQQlXcUcjYuC1o/d074jDnBQcZ8DMOkJSXzXEpFlOUGmgBbwMlecuBr/hVgMF0GfwgHaZffhzgFC2R7K93CqUZ0EFoq5EBZK56emlfLsplG5m9yDSe80pZwaMznmco2HgiYPbi2uRukDxrJ7EKvZ5NoGj3WGc2Wb7uDEBRDZFGuNxbt3nem429XoFCCcJq++Z04STgiIRO9AZFCsGF3Ilzi4NPK1bthKV4vk+x7CdwjjYbMh8mhM1e6NIrt66uFBugH6CZIEA+DiaNS1YG8AIvaErbSrdZM9Q+mmrrzrnQIEWRJAUO2bHHPie1CaXZxZvpvEvg+zIcQfl4Sput9MHTEOBGR/xEoGDtm+G9wAAjiCnRGKYUZTdLFowem5zs4h0f3SRummIlp3ChD8HihiVGEnKA5rByx2NRG6dXeDw/2cWnh++zIZOkyx0UtIW1aTKyIsXDuUPAs+FKctm55gSNVP8MYDaDXH20q7RnWXhQk1ScTOAMLmxOyIokUBY04Q/r122ayTsMkPy3sWHvpbJbkgyMpsqruFrLWkKIWt0xiqLsDcBC1USQccD2w2B0OIgyhi9BMNDoX2AAWRXHNTADdi17vHjb76/N5ucvE7AwieVkISkIfVnAfn6KozKs5HHJOA8oW9xTZ5lyheLWCttXi1dCgACkmvwVrIBhuXgtGIg+gnSBeJfjJljDhwF1XaKfCAJfJ+uGGNOmmuB0VnAPnx++bD2UCcBNNL8019rhOvep2aN8u8xhQP4ETzHZxuecBRjtQl91FP+jf2d6fU+tJN7+MgQ7qAU7xySGT3ehPlnSjtq0UWzTfNeQis/NKuum8rv78TgJAh9ouPzCJBAKxVWK26HJqLXpZqS3wSrB2Fnt+3CERM/80i1R1Jb5K0CrzNeZKC1mk8Wt13cD9zf/mgeRelS8dpYPb/q5eMpEG0w+89PNfTTloua/Hl3e239+4EIJrzwSKxEfA/1EmbrbrYGqCISZFat77vxlSq4MHSkgAoDUAERIC/zpjTRiHVeRREgKeKaVMPJUQTonTHYSBKEdL/r2+auDwG0cp/9JwRtbSDMaI5Vi44C+WE2hydAISoUuzYXXjK84gFYSFw2ybOpDBdynHmAGhGpErIe9GC29wnMY2PaI6JGEJiE3I68nroA93vb142bgB7sGe+/aIRzTVMiMMC+hIhQKhMm6N1gGhgIh9hhzy0+VH2s9X3AVGxfDQpxlT5BphLIqpZIpuCyIf7jEqsYl7qAykTKat8Q1vXYo7+ux8V635/+OxslK962pkL4KG+WRXOWvUbWgUImwI5mA2At7SPeH4qMN6+bRyTOJ1CHXAY1XVs4AAoOJNdzpNvKEuseuU9wzUpAZTNLw+FBuyPf/q5yH/+dvSMvvWEyI7U82972rnrizvc2vD5fnOrAFFHFea6Poq0qeUKowAKXdvVR3wXweU+1XVUB8LrXJQHrsloHEghVoLX73Wt1vLNR+emJtjh8W07fVsDiDbbTJTyjjzl9kbjpMHziuJM9RJNynLZjON+DU43TKWElKB3hTqoO0z94bLxOw98vsCGetq5FzGrLdG5FYCoBaWpWlZlBMz7uyrmiCKw4SGNVw+ZNFb8BOgqoQ4CKb/zH6ZO2ajx4v789GhV2hEhaVfXho+pcYBoxG6SNpuGWXe9QBpzhYmUukpVStJ0Pdem30eYDKJt6OKVfjfz/euXZ/ve59EjK2LZ16jSThlZDBJNj0YBgtJFvBUec2JpKHrc9QCgVC1hLtS9KipY0PW8unqfVsfHwUYG3jgMDtPvvi7y/bc+b4xg/t96srjhEfey3hg22vjmRgGiCTp9KeV2QbKuE2tC2Ijke5BmC+ekp2Gb5s82vpeWc1Szx8hgjz9+fnTpIltpJ7++yRTixgBCyuyBE+3UsnJZDE4SvKsQC65BOukomTSk2rsu3+dyzRtHjGGCSoTk3I/jYF0ACYctA2vdn7xQ/iWa086h8NV9zSntjQCEj6IrVF9KuV06BnMy6bRlp6dL1K4uS9u1d8uXv/wKMvXe/MTka2PabcuqUz6TZq74h58YHxoF5b75iNsztRhFkwlxtQGC7PfKwbSWVQ9KeSKD4gycMacNoQcuIfSh1d512wL5V0EDCoDj9xmX0PZR30tttKPnTF4OBR52VghrV+tlU30oawNEcw6opEfJyS4H3ucLqYIGODDnulqsQqy960s7cijIk0D2RgYf14Fh5bdpHj1cm4hv1/XUb7ZFbRr1kJxXZ9QCCErV8Qvl9V/rTLDoXjgGypwWfKDOrgvnqDqXrmvvVp2fmnVJBPvSzvD7vxd9Hxv710dNUhvgIG7Pdz2TnHZKqoo5MOoo7d4AsZVy/B1lMn/VhYdIRUo2ChlZZegeOAJp+th3Jl8btXc1wFF1oCw9aCVH2zpM2yH19au61hxClKLFyKKcwxcc+m487fRFZF88TV3fCs1e7fl7A+R/3qlKhurXAzo+ELMxymcS8py2UONplIV5cIt/fkf1GbVzBycesjOGA7zDODpJD8jml/D9xJUhzhLuTosDqsJ0WcSgKQoAargfFTbPpBVMmnp23nMIV/EZtQFSVUZ0nSQEzG4QThetfkES/7g4wvK+GVCcvGhEVEJzstG63MMBQSwbf+OULUrI0iJ8pBM3zcld18v1Or77o9Omkqadoampyk2Hi2jbuN4A4vtiF4ICEvQM8sTZTPx3wjlWijzUQliBy5zqXpNskDOmbq1uEDY15mmCOpGXk9YBU5/f7AAE7sIPIiYiiYqazAuxBB8IB0eIQIFTUMwuqdU7z2QLUt0fgCMlNA0OaKKSju8+rc1BfF9cdaOxsSiEzMZioyBWUEBsXELY4QKcmneLOadNSRET2SS+G5rNhpgCJ1IPNODCUWg3JapK76avZ90OnjTcEGDQj4RwpLbHYACihEQcIVuOZKD1K0Qe3942ies/Hw548ITxUzDYIISh17Gu5M2K5DD6qmuJUZLUqIfVRy6OPT/Ai8UTrkEeeZdlTwcHEAjPRqNKIyAJPVOQWmDUBGMQeg4wECnaHHAUKqojisGZCOLrq2gcXI0ASrh+1wWzByViZTcUnOT1j42t+5ldxose0mBD/OaY0Z3YpIgUXZb9hC6U9UTfYZT1hW+Ldq99aMq99hU8OkgOooupHmTKCBF/FcrAP/HmEVOEAMX50e39tVogKYmWE5TRQbRDb+sqTousRrIbyU0h5bkNJbxszQcNEBRUKjbiVcdHQGgCYgw/yPd9FInAmEBra8QbuBo5KX0XTcDSRSAjDlYOky/e2/5mBRyUHYKT9ZnyPGiAcHpoQ568kwQfggIG8ACaNjcrm+GNtLU173tih7+HHxFNW2TzbdStxc/hewrjD0BvwwFJ4yKCGtsYgPGd47MlfOCghJ/7zrvuHAcPECxEiDNTC43/QKsdagxVlsAsGECxuU1TjXu0giQ2/ad3+rcKQyzCGoUVSq102rYOB2lRb/SyzUTuNyCBNk0Xf4ZzYhigB4w6cwF5U1G1Zd9W9PfBA4STka5Vef3AWaC7pULTMqF53mhAM0c8o9vVwmpLQg8+Tk5EPfQhn2IJnL7I7ISdMGwztkZNJ/9/2vT68BEhyRshKJBBgGcTFjUAjT6ICMdYmvZHv3rDzBMDQV9j8ABBrPnfdyURdukHXjZQVrNlQfNAQ+yX6jIKnqKwGkBKLj4ns08lQ8zVh04ZZ58dckKpIuR3hnas1e/DMkZZUTznVZVunJWc9nC653b7OSmh+4kLxkqm7Z7tvoMXr4pgrOiyG1Te2g8eIBCFzDM4BSeuj0ca0FDBkOY6SX3dgkLUChqb2/D/VA+qKk4ABmroEpsEaO0BOAmnQWxkYNZ++9hsbz+9lvfjNUevqDK021fVesUcJjRhJf9EHZ/0RSEXyO4+SyEFOkhhEKBJUl8jAsQCSKLENqQNJqVAb89ym6L6uYhnAApgVml0n20WY294SqTmOfbyevvpfVULOWvtMk59uEhZeDn0QL84fMa0R2PAuQBGHmcNpZtwBEhLAMk78eAudwtQ3zZcR0UiV0dYth1yVmSinH9ZbgsnM0q8LZKxSalkwkD8cTknMP2ik4xyImKu5j2AQ4NFARWcDRGtaESApPkgXQUrjmLRKmI1yUFcRAI2DBvB5RTmWuR+lPlsaDvzRpm1TdAovijrhIkwqPKBGGUr1TgisZxxnQ0QcroXpZG9o0TOKzdFXvvAgInKhGqYgEPwfnQMu9vWQiyFU6OBoXSLAAkIIFrJ3FcHcQFD3jUEBeJXKGvkwumLEg73sQfRrFTtsGV0LFlseioG2u3i1IqVByZir3DMaaMcTYXmhN+/yTynaOi11PElCQtQ2PkpWAcBLqbwMs5mv0OLJ2DRwznZ14gilojo5lk3XW0R6ywaYszpi0aWQYYf5UvR/oy2noEoZSd85Vmy8gDCM/IsWLZYpZuea/GZfGFEbWKyGAkmtAccBXDxTbbiXYVe2vKuizZpo+YVASIi2u64ywY9cA44iItybAME3wWliXTjadNKTK/ZHohFALGBlqfQVwEIz9IOYIiKcBFErbrGDnQbRMk2K6+7ADYCxAo3SUJJUrOoC/HqXENBAMycLmZSGyB2SwLyN3Auatvj7HzKAKLX892EkmtLtqoAUTN1U02OtOU2ItnX769D5fr3RoDgsLpoUjlRVKmw0sWgxCcnPqV2yjr22gDBZ4Fzj/HDA5/3f9hzdwUI97C5CftnVAVI0/RzbbndxTpFgND7z6ru2ImifscED6ILfH1/uUk1DyCcskkEwIhRBSDoDF/Z4wcQNvSPD5nvgX51h7Yk6CNBKjv3CJCUIlq4mRDztpOntDGoaw3Y0AECCQEroCVcx8WHUgQipQ3WLwBb5oCsC8ay+yNAUgpp6X8Wd51nyEkZsfXv2v7LPuFH3TsOAFFL4Nrp6rFd9rcr93B1nLrS3Pe6CBCLckSpkuK6aEpk9VJfkpbfh1KNA821gaQvQOzna+xU0ezqiFg88xcfG4cjpYd8T33VPbif7rpVgyjLKV/9iggQi2ZEj5LNh08BcyqKaxtDAUI0LXkVZcMHIIS0UzVSzcGEqGDxyjaX0XfXBYiKqL6mco0qYD4PbQ2n5FAESGZ3ajEH5GlawLVRe4k8BzasqxhRBSDoNXs3FreOIy4Kr7zmXjQFEI3L8ukryYGEiAvNXWlSdqg09fcIkBxKJoUKjpkFw/S7YqlfGHzRIl1PKxtuW2PqTpUNF4DgpMO7DldSJZmgRELh+RsbT4vkEVnL/ydUnlB9Rl0O4uts1YapzKFquH8Z3Zr4ewRIARXtAnN4hRG5+KnrIeZ16kV37aw6CiDMhyBE/CMq+xM2QiVCampp/BYAwGtuV0tkHlQrRO+qCxBNyCIYEkCWDQwVlPPBF5QUhFs/698pu7fLv0eAjKA2OgkVDfFZMFhIolyR69kE2P2TaNeKdk3tpOsSZsJ7iwBCu2aieG0xkIrnpN1yMucNqiRyj10tkXgqEpiooMKo6ijkHg34JJ4NE6094FKEjWgmJuKdZmEiEtbJk28bLBEgDhRGsSXUnI2UV0Xd4RG5l3Div7Cv/O4iT7p9J4AgihcPfdkA6HAvwlzykpWqAoSNj1e/yoAbI/Zhaat4vlR5Te1rI0AqkFB7UlBlnFMQMQE53wc0Glj41b3lEa+jAMLmpDQpIfFF7Q2KPpFYJ0qv3rt2ro5VFSCaXchOzysGzkEA1wWMhNVsnG7fGVthWUdeGgHSFCUrPgfxCHHIpUiDDZCNK0UetVo38Ix3Txi9xmcgnhHSYVdRoeOwJjqVhbvzTi3i0Fd5Up/vdr0nAsSVUg1fp2U1XYqwZfNBEE1QyjXbD85BdRD0iGzIe9G0OdWTYg1rZkUcOCRiGklPOlwAQj4I4ie95TdMN0yonh8XAdLTApCuSutll8qBWYAwZaxO+DvQJXRgVKBcJxmCRQP9g0QrwKGe6jyrlytA8GG8esgYMBAXQ/B+N7mkESBNUrPis1SUoYnoqLRWO402+wqsUTTgtEUkdIIDJ+bmg3MfJlg893YwJiIaRdu0NpX9fCJz920cXWAOXwqgtGtwVSRD0JdHgPS4PCpmuVaX15KiWX1DrVJwFDvFlQIPKPAo47RPsMWfUVYvV9MrnIeCd4TOYCImvGXSRgRIjyuKvoD4hJjiusESfSP1gmf1DYBAMhXKclE1klFWL8Q9CkgggrmYXnFGorOQkUg/8UkcESA9ryrmWaxQWJOeuc99MnARRKM8fYO0YbgJvQvtwbvwrgNIe+R548tmAtDgHjyLog6+BbHL3tP33yNAel4BxBSUdUQenww6Qsw5xe36U/pJhJ7vWCOSxF6dMaEd2YFekvXGu5CEgEc4Gfd/cUTVE5fLOKAYAAAILUlEQVRnhXxNBEgAq0MoC41FsUyRF+6TT4G+gbc/yx2KPg9PNlxmlHGg6F7AjIEBcY+c+qabiQawJHenEAESyGqoL4H4LIqluegA2alnW13nfRpmWPWe+wRe2h2wXHw4gZDXexoRIN6ka/ZGnHScyk10cOKEJ0r3dBpkyUwBA5G8RPT6FnPLdsCiPpdPNfxmKdfu0yJA2qVvpafbHZyaaBxDzBiRvYhsPM+nKY/9AU11wKpElJ4vjgDpeQGyr7c7OOHUs8uL+kzVtVJ72bOpBo+iX6cDVtk7Qvx7BEiAq6IORKYGQPCU++gkTXwavpa3jhlxDXGK4Mqs+biJ94T6jAiQQFcGyxZh52xQPO30SvexbtX5PKqM0OAU0Q+9hTm0We2lzlzbujcCpC3KNvBcfBsUQ0Bxp1I6ZllintoeiGVHzxmzMcYDzLhE6lZtTNr2PLt4fgRIF1Su8Q4SsvCRaOdaEo4ASls9M+Bc6Buaskv+ycNbJ99aVbREESA1Nm+Xt1KuhxNdAxXJ/abSexNASXqVXDaeca2bRegLKbmTGIBYZd0iQKpQq+dr8VwfOWc2svb7Q/RC7CLkAydjXspr3rRx+NHmDFMwXEM98DyPgMWtq3r+2EBeHwESyEJUmQabm0hauIpdvQQrE4GKNMhcssgkL/EDh9AGolzPDwq4nUuPngEoyDCcdOdfFVpHgFShVoDXIhIhHtFMh6Y8roUb8GeQbEVAI3kibVSQDJBclacUAVKZZOHeADiUQ6CrJFyDwmxiHHzU8kKEgsPAafryrYRLwc/PrDeA/OAdw/pffCAu1DhtmCHNlf3JPuUgYZ/6jHl37vhUhRJ56YA54When1e8zGcy8Z5IgSYpQN2zV98zTlIKUvgMb4BoZ1SXHn0+E4v3RArUpYA2VaqTUuwNkF99YuJ7XLq81v3QeH+kgA8FCM7Eabp1jciDDlX4897hDRDNosOS8tROn+nHeyIF2qWAduVyLajRKECwuKCHoMGQQdeER7hdcsWnD4kCVIokyxPrHwXGfX1D3hwEYlOVg3KZxBehi8QRKRAKBbTfCXFvlHr1HbUAAhd5+aCxZoXWesuXIPG+8aeAHtxYr57f4889oEQtgPAAZWX8m8Sge9aMP4HjF4wvBYh1o2wrvo8ndtbPf6kNEEh5+Jzp5MSgxx7509HLO76bbBxnjlOQ/H1i3Bg+NcoaVdKzD6Ou07vHjXedMAiqj9uVy8eR6HHO40EBah6TSkCNYaq/kP/SVGJaIxxEyUgV8zcOz4ZyIwOSj4ApGG87KaeRs4zHpgt1lhzApArgJddATw31Xzpl0oqbLITXKECUqLA5EE2gXRyRAm1TgMN398Z2cmBaAYgShJwFCi6Tmw3iaWncFma0C2si46Xda30qD7a9mJP6fOifhOqn9CfyuA1pAX/G1HwT1Yx7gWJ6cI62RqsAaWvSRc+FY1FJhNpUDMQ7mtu3sVBdf1uo7wMUJH6dvWJmCL0f2GwcdJMwJgoguiDUpSIGh8WjyDOWNfqjx9EsBZAKoDW5KwAC6yX1fidpTCRAWCAUuLeOzi4eVo1J7YHR9YZEiqKfO71NOIToaPXItsnMapxYgLBpELnePmaKGjAwP29DZl3U9ZaanPfRvPTYOREajjLQAfZvcS82MW6UmGiA6GKgk1C4WUvuUEEEH82kyMldbDoOG9pLEznBQHTdv9lUY5nkMQiAsICIAjTERGbm31QLQaGMUcjl2zsRpy6ZmDsOFep58TMEK+FgAKLbABGBWB21umAupEvT0GrWlsECPYNqkHBflHEGbaWpWN+mWbVsXl3/fXAAUQJnWzLjbEqAsmzYZmH8GZQgIluUsqkqTmXbUHe9Uft632ABAsE5JY+fN30ztIAb5mBOyrUAZUAOFMROuOqpy8ahy6DWFu3ehhxTN2iA2KcSHIWSoLQKYKCjoJ/AURDDJnUQ4Hf+mlG+tW87Hupd6/wahE4anSJAMiuKzP3hGREqYugAIAoWgDPug2A/AIGOofoF38RhsGt99BfZ6xsBUrDbAcixC8YZpoWmuXTFYgOW6SXjZSbGTEtMHKBQLsn3oHttWmX8GXxbHHMpEAFSsiOS1gKXTLwRNXTt2rlYc/AiA5blUyLzA+IuiEtY7K5cF7l8c9YHxOdiqqWe75bVxo8xIFWrMv4jQCqQDE4CR8EzTyiLyuw8gk2WVGZfbJxonMzkw3Sx+bA83ZgRuXnLGBsABLqFPQAFIhQhN5tWjBf3q7BEjV8aAeJJUjgJIKFHB2ZRRLJsZXbAAUgULLRA47/ZrHAbeoHwexSItPXBZ5+Z5yMqkSCE7nDjVgqM1E9hfwrPJVENaxwV4Pl3F2D1JGewt0WANLQ0M3eMfA9gkPHzengUvUqrt7OpkdIAAs8DFACkbJAjkVR9R9xDR6IZz9J61TzK3jmUv0eAtLjSiD5XEXtuGH1AWxvABWZmDDdATBvVE4TNT/IRXIcfkoUQ4ZalolxshdDiAjZR9qfd6Q3j6XAJnHOABc6R9AJJARHFon73QOQg/dI/vj1wCkSABL5AcXr9UiACpF/6x7cHToEIkMAXKE6vXwpEgPRL//j2wCkQARL4AsXp9UuBCJB+6R/fHjgFIkACX6A4vX4pEAHSL/3j2wOnQARI4AsUp9cvBSJA+qV/fHvgFIgACXyB4vT6pUAESL/0j28PnAIRIIEvUJxevxSIAOmX/vHtgVMgAiTwBYrT65cCESD90j++PXAKRIAEvkBxev1SIAKkX/rHtwdOgQiQwBcoTq9fCkSA9Ev/+PbAKfD/w2y1xt0nlJMAAAAASUVORK5CYII="
            />
          </div>
          <div
            class="ant-empty-description"
          >
            No Data
          </div>
        </div>
      </div>
    </div>
  </body>,
  "container": <div>
    <div
      class="dtc-empty"
    >
      <div
        class="ant-empty"
      >
        <div
          class="ant-empty-image"
          style="height: 80px;"
        >
          <img
            alt="No Data"
            src="data:image/png;base64,iVBORw0KGgoAAAANSUhEUgAAAMgAAADICAYAAACtWK6eAAAAAXNSR0IArs4c6QAAIABJREFUeF7tnUmMHsd1xx+X4Trc90UUKS6idtmSLFmSLdsKEAQwkpvPCZBLTj7kmpNvuQVBkAQIkBxyCJD4ECcxkCBxZEleZMeWLMuWRIraSHER930fMfh19ePUtLq/rq7e6vu6ChgMpeml+lX96+3vzbtz584diSNSIFIglwLzIkDizogUKKZABEjcHZECIygQARK3R6RABEjcA5ECfhSIHMSPbvGugVAgAmQgCx0/048CESB+dIt3DYQCESADWej4mX4UiADxo1u8ayAUiAAZyELHz/SjQASIH93iXQOhQATIQBY6fqYfBSJA/OgW7xoIBSJABrLQ8TP9KBAB4ke3eNdAKBABMpCFjp/pR4EIED+6xbsGQoEIkIEsdPxMPwpEgPjRLd41EApEgAxkoeNn+lEgAsSPbpXuunZL5MoNkas3zc/tz0Rm0h/9d/J7RmTmjsiC+eZnYc7vhQtElk2JLFsssmyRyNKpSlOJF1ekQARIRYKNuvzGbZFzV0UuA4YbIlduily7KfJZi3Vj5s83QFm+yPyeXiKyZpnIogUNftiAHxUBUmPxb80YQJy9Yn7DJfIGm3XRlMiShWbjwh3Y2PPniSyYZ/6tv/l/n31mQAU34d/8pjgTXOf2HZGbt0Wu3zK/mUPemF4ssma5yNpl5jfcKI7qFIgAqUiz89dETl4UOZsCwq4qxkafRuxZJLJ4oflZtNAAoa0BkOBcN1LAXE3FOZtrzZsnsiLlLJtWiqxc0tZsJu+5ESAOa4oOcfyC+UFk0sHGRxdAvOHERsQJYSDRMc/L142Yx48N5OWLRbasEtm8ynC1OIopEAFSQBuU5k8vGlCcvzp70dQCI+Mj6wOIFplDY/sWboJx4NJ18y18GwPOwrcAlo0rjOgXx1wKRIBkdgQb6aMzIicuGvmfgei0aonIaoCxePy3EEA5d03k0rVZAwLgACg714ksiZaxu4scAZKSAsvTh6dFTl6aFUcSi9BSkZVL29Uj+oIcB8CFlKvw/clhMM+IXgAlFJGxL/okXHbotXkvXjfAOHVprtixYdoo2EMZKPrQABEMHQbxC7Fr1/rJ4Jq+6zhYgCBmHDopcubK7Mm5drkIwMAZN9SB6fjUZWO2VsV+wwqRvRuHyVEGBxAU1PdPiXxyzmwA9It1y0XWA4yopN49F27PGKDg40HJR/TasU7kvvWTKW4WHYiDAgiK93ufGr8B1qd109F6U8Yp1ZoHUBgo8PdvNpx2CGMQAMEy9e4Jcxoy8FtsXR2tNVU2ODQ8ZvmB1q8Q2b9p8mk48QD54LTIR6eNmIAIhYUG238cfhQ4c1nk00sm7AXT8H0bRO5d6/escbhrYgGCGPWbo0bZZKCAb14ZnWFNbErEruPnRQi7YaC/PbRVBCfqpI2JBAiWqd8eM8F8LNo9a41YFUezFLh0Q+STs8Yzj27y8DaR1UubfUffT5sogGC/x0L18RljoVqxWGT72midanOTEU185KyJ98J3snuDcTJOypgYgCBSvXXUOLqwUG1caSxUcXRDAeLWiEKYNJFrIgBCmMQbR0zINyLVjrXDdGp1A4XitxA9fOScEbkIU/nCjvHPeBx7gKAovnnEJA4RSIi+ER1+/UEFB+PHZ030MPkwj+8wou64jrEGCJ5eLFWYHFctNeAYh/Dzcd0srvPGpA5I4CiE7Ty2fXxN62MLEJxW7xw3yjge8a2r8pcPdk/UKgvVZmaf6+YZynUYTBC3Llw14TwPbx1PnXAsAUK+BoGGjE0rjEJeNMjdfi+9FoAAFBxcU1QNWZD+pP+f/0aHWZjmiQ9lM7f5nRxkOBexcBGisn11m29r/tljBxAbHNtWGwdg2QAgAKXKUDABlgUpkBJQ2cCySvNUefbQrsW6hZWL8cAWEdZtXMZYAeTYeZG3jxvSYqlC73AZpy+b1Fk8vpxiOBD5uTEz+++b9r9vz6alujyf0xHgJNxHQZMHqrTOlcszJ+0a4uCOnjec5JFt4yNujQ1AUMh//YnROVw5h24yLCvvnDCy8Ff3ulm5tFpIAqYcIOF30b/xfNeBESEr2iXAQvSbZzYQGYyTaGxQTsI6fOGe8VDcxwIgmHLfOGysVWU6R9FGJWsQf8kj280zmhyAKQukOdwpBRmgKgMTRoX/fkfkmZ0iz+5xA3OT39L2s4jhOn3FHAhP3ht+tmLwAGFT//Jj4+cYZa0qW1gVswhzf3BL2dXt/R0OWCTaASAOgx+9Zzgezrbn94i8sG+yKiUeTq1b+Eme3Bm2MzFogLBhfv6R8ZCjb6B3+I7rt02yFIvylb2+T2n/PrjR6x+L/OVLs++i/i5z/tq+yYiYxQSMsQU/CYfAUzvD/a5gAQIR4RzEVuEh37m+XC7nHnwenNJ55XAPnTIizjP3hc/a//y/TESyPSj49vV9Is/ubh+oVd+A7qQ6lMu9HATk6lDgjuSrx7e73NX9NcEChM1MohMK7J6NxbI4sj9lQE9TrseRfvs21eNGjq+pddnrh0X+4gf5j8C0/fROEYophDjgCuh5ABrgFA3EZvxZ6F17N4WZeBUkQMjn+NURSXY8GWt59Znwa3x4ZlbpZR20IDS/89YFJZ9FIasQz27IAy74p98VQXcqGvgUnt4Vhn5iF9u2y5xSC3hUVDVll0hPwO/0xL3upvuu1i44gKB3/OxDYxUiAzB7SsIljp0zXINB7SqSddAtRp1WXMtJdfayOdm+fF9XJPZ/z7//WuRffjn6fnSzP3g8LL8ChxAHGD+ABYsV1VBYo7xx4oKpoMI6Iv6GFGwaHEDQO0iTpRp5NvEGcHxwUoQK5pw4XLO4QplM7qc4Gtzla/cbmTnkQe2ub/9zuWmYDfW7DxkvdRMDvSCJjl5SL34NrnL5mggGEsaeDabyfXYk63rKRABzIBLcGMoICiAobRAqT++wwQHXWLWsXGnPIzIeXRR1LCeunvg+F+tvXxH5yfvlM0hAv0/kiZ3l1466AjqfuWSKXMCREW+pYF/nLKE6PnWAE5BszDfr4oxFH0EMJtrhnjX1vqOpu4MBCCmbP/vALAx6RzaH/PBZkQvXjEjlCw6IdvGqOdHIn0aEC32wab7zffdZIjo+t8f9+uyVNAHiBzoj5jJ8uHX2uYhbF68ZoO3fki9GwTEx/xJMiqWuSCTz/7rqdwYDkF8eFjl3Jd8ZSDQoUaEQDgtOma4xigzY3mHloVpN8ub+Z98T4YBwHb4g4XCC1ugNOPAYBz81G5sBZ0es9S3Nehd8C0T2bc7nSuS34ywlQvvRba5f3N51QQCEiockPiFLY4K1+1QgD2PyBRSAo24PC3oH4p3H6ci7iganGSERRQ017SabbesyPzwo8vc/rrYJnt8t8kxFfwnfDL2zegCH0/snTUVKBsq0r34C2OAmeTomz0b8PXDS+LNI2aUsbJ+jd4BgWfrp+4b429fMDWBDHk2SosToC1UU8iKi8h6SeDA/ElVaNDAUaE2tsgVKnGRpn0HNN9EOtU0ACVEHZb2oB2LR/F58wAQFugzegVOW+WJJynbPZS2IZ4OTqX6ijUOrKCis5bnLxqKIuT2vhKmGBaH/MJc+E916B8iBT03ZGIiN7mEP2DsbWru3uix02TW6EQh9f3zE5mGRsNE3OdTbnIAmjd7V30nOSZq4lbchCGD8x9fcZ6NNf37/sXKHIpsW8zcgKBM9UbgJ2dEKJnwL3KSKvsB7EKcBGmWCsn4u5kMODyFG/J0WDH2NXgFC4bGff2gcglg37M5GVF/nBIfwKOVNDQUIgY+jTlcWD3Y/p485XWatHufafbapufEcGmwC3rzxvTdF/u3NuZ1toRnpxgRhJj+rRLasFjmVluHBrIo4M2qwDtdumHc/tcvNYsXacLih0zFQ6gkJctVPdB2KlHaMNlg0izhakzQf9axeAUI4BWZXNgTtv3RAfADShFKe/XjMiedTY4Cr+DGKgJyGSXvmzG/7/1UBEnrWqOqEnOCIOtrgpkhGh67Ql41L67iioSInXAvTdxmYss9hnTDPq8UL0Wy5o/9E9UFaY+cp7XpIlonDbYKlN4Bgsv2/jwwIqBKOSMDQHHJOlqS/d8P1Xu9ykOVGCexqAJKZHI6UBdL65dU3ad43QMcfHTJ0LeJIzAnRCqtVmWg1ik4cDpz2bGjtJYLIvMTBf8I+QJQiSSxbBBsO/u6n5s1Y5vpoCdcbQH71iQkwJE6HE4KB5YI8CIjclFKeXVg9MUPz2LYB1JcOGO62YWW+2IQegMe8KVpgPkdv1PgxDj840qhWdoCTeQAypIgsmEnThRv2lcfTC0Aws772gbFO4DXV2BstrtCkUp7deISpEP6AxWz/5ja2ZTjPxAPPpkXfyprH1dyKjkLAY5PxTwCEtVSrGwABKEUmekAMCABLVmmH4wM6REqch1134O0FINTQpcqFrXvoSVEmM9fdfuqs6ts6Uvc7XO4n2QwgoNfYouqV66bYNBuWtNeqeofLu5O6WGeNvgSXQmRessgEiuZZ6RCzELfylHbVRfo41DoHCCfaTz8wJEb3YOGwv1NkDMKtnW7X7o3p9vrN8Ss/47Ips9eoEQQlXcUcjYuC1o/d074jDnBQcZ8DMOkJSXzXEpFlOUGmgBbwMlecuBr/hVgMF0GfwgHaZffhzgFC2R7K93CqUZ0EFoq5EBZK56emlfLsplG5m9yDSe80pZwaMznmco2HgiYPbi2uRukDxrJ7EKvZ5NoGj3WGc2Wb7uDEBRDZFGuNxbt3nem429XoFCCcJq++Z04STgiIRO9AZFCsGF3Ilzi4NPK1bthKV4vk+x7CdwjjYbMh8mhM1e6NIrt66uFBugH6CZIEA+DiaNS1YG8AIvaErbSrdZM9Q+mmrrzrnQIEWRJAUO2bHHPie1CaXZxZvpvEvg+zIcQfl4Sput9MHTEOBGR/xEoGDtm+G9wAAjiCnRGKYUZTdLFowem5zs4h0f3SRummIlp3ChD8HihiVGEnKA5rByx2NRG6dXeDw/2cWnh++zIZOkyx0UtIW1aTKyIsXDuUPAs+FKctm55gSNVP8MYDaDXH20q7RnWXhQk1ScTOAMLmxOyIokUBY04Q/r122ayTsMkPy3sWHvpbJbkgyMpsqruFrLWkKIWt0xiqLsDcBC1USQccD2w2B0OIgyhi9BMNDoX2AAWRXHNTADdi17vHjb76/N5ucvE7AwieVkISkIfVnAfn6KozKs5HHJOA8oW9xTZ5lyheLWCttXi1dCgACkmvwVrIBhuXgtGIg+gnSBeJfjJljDhwF1XaKfCAJfJ+uGGNOmmuB0VnAPnx++bD2UCcBNNL8019rhOvep2aN8u8xhQP4ETzHZxuecBRjtQl91FP+jf2d6fU+tJN7+MgQ7qAU7xySGT3ehPlnSjtq0UWzTfNeQis/NKuum8rv78TgJAh9ouPzCJBAKxVWK26HJqLXpZqS3wSrB2Fnt+3CERM/80i1R1Jb5K0CrzNeZKC1mk8Wt13cD9zf/mgeRelS8dpYPb/q5eMpEG0w+89PNfTTloua/Hl3e239+4EIJrzwSKxEfA/1EmbrbrYGqCISZFat77vxlSq4MHSkgAoDUAERIC/zpjTRiHVeRREgKeKaVMPJUQTonTHYSBKEdL/r2+auDwG0cp/9JwRtbSDMaI5Vi44C+WE2hydAISoUuzYXXjK84gFYSFw2ybOpDBdynHmAGhGpErIe9GC29wnMY2PaI6JGEJiE3I68nroA93vb142bgB7sGe+/aIRzTVMiMMC+hIhQKhMm6N1gGhgIh9hhzy0+VH2s9X3AVGxfDQpxlT5BphLIqpZIpuCyIf7jEqsYl7qAykTKat8Q1vXYo7+ux8V635/+OxslK962pkL4KG+WRXOWvUbWgUImwI5mA2At7SPeH4qMN6+bRyTOJ1CHXAY1XVs4AAoOJNdzpNvKEuseuU9wzUpAZTNLw+FBuyPf/q5yH/+dvSMvvWEyI7U82972rnrizvc2vD5fnOrAFFHFea6Poq0qeUKowAKXdvVR3wXweU+1XVUB8LrXJQHrsloHEghVoLX73Wt1vLNR+emJtjh8W07fVsDiDbbTJTyjjzl9kbjpMHziuJM9RJNynLZjON+DU43TKWElKB3hTqoO0z94bLxOw98vsCGetq5FzGrLdG5FYCoBaWpWlZlBMz7uyrmiCKw4SGNVw+ZNFb8BOgqoQ4CKb/zH6ZO2ajx4v789GhV2hEhaVfXho+pcYBoxG6SNpuGWXe9QBpzhYmUukpVStJ0Pdem30eYDKJt6OKVfjfz/euXZ/ve59EjK2LZ16jSThlZDBJNj0YBgtJFvBUec2JpKHrc9QCgVC1hLtS9KipY0PW8unqfVsfHwUYG3jgMDtPvvi7y/bc+b4xg/t96srjhEfey3hg22vjmRgGiCTp9KeV2QbKuE2tC2Ijke5BmC+ekp2Gb5s82vpeWc1Szx8hgjz9+fnTpIltpJ7++yRTixgBCyuyBE+3UsnJZDE4SvKsQC65BOukomTSk2rsu3+dyzRtHjGGCSoTk3I/jYF0ACYctA2vdn7xQ/iWa086h8NV9zSntjQCEj6IrVF9KuV06BnMy6bRlp6dL1K4uS9u1d8uXv/wKMvXe/MTka2PabcuqUz6TZq74h58YHxoF5b75iNsztRhFkwlxtQGC7PfKwbSWVQ9KeSKD4gycMacNoQcuIfSh1d512wL5V0EDCoDj9xmX0PZR30tttKPnTF4OBR52VghrV+tlU30oawNEcw6opEfJyS4H3ucLqYIGODDnulqsQqy960s7cijIk0D2RgYf14Fh5bdpHj1cm4hv1/XUb7ZFbRr1kJxXZ9QCCErV8Qvl9V/rTLDoXjgGypwWfKDOrgvnqDqXrmvvVp2fmnVJBPvSzvD7vxd9Hxv710dNUhvgIG7Pdz2TnHZKqoo5MOoo7d4AsZVy/B1lMn/VhYdIRUo2ChlZZegeOAJp+th3Jl8btXc1wFF1oCw9aCVH2zpM2yH19au61hxClKLFyKKcwxcc+m487fRFZF88TV3fCs1e7fl7A+R/3qlKhurXAzo+ELMxymcS8py2UONplIV5cIt/fkf1GbVzBycesjOGA7zDODpJD8jml/D9xJUhzhLuTosDqsJ0WcSgKQoAargfFTbPpBVMmnp23nMIV/EZtQFSVUZ0nSQEzG4QThetfkES/7g4wvK+GVCcvGhEVEJzstG63MMBQSwbf+OULUrI0iJ8pBM3zcld18v1Or77o9Omkqadoampyk2Hi2jbuN4A4vtiF4ICEvQM8sTZTPx3wjlWijzUQliBy5zqXpNskDOmbq1uEDY15mmCOpGXk9YBU5/f7AAE7sIPIiYiiYqazAuxBB8IB0eIQIFTUMwuqdU7z2QLUt0fgCMlNA0OaKKSju8+rc1BfF9cdaOxsSiEzMZioyBWUEBsXELY4QKcmneLOadNSRET2SS+G5rNhpgCJ1IPNODCUWg3JapK76avZ90OnjTcEGDQj4RwpLbHYACihEQcIVuOZKD1K0Qe3942ies/Hw548ITxUzDYIISh17Gu5M2K5DD6qmuJUZLUqIfVRy6OPT/Ai8UTrkEeeZdlTwcHEAjPRqNKIyAJPVOQWmDUBGMQeg4wECnaHHAUKqojisGZCOLrq2gcXI0ASrh+1wWzByViZTcUnOT1j42t+5ldxose0mBD/OaY0Z3YpIgUXZb9hC6U9UTfYZT1hW+Ldq99aMq99hU8OkgOooupHmTKCBF/FcrAP/HmEVOEAMX50e39tVogKYmWE5TRQbRDb+sqTousRrIbyU0h5bkNJbxszQcNEBRUKjbiVcdHQGgCYgw/yPd9FInAmEBra8QbuBo5KX0XTcDSRSAjDlYOky/e2/5mBRyUHYKT9ZnyPGiAcHpoQ568kwQfggIG8ACaNjcrm+GNtLU173tih7+HHxFNW2TzbdStxc/hewrjD0BvwwFJ4yKCGtsYgPGd47MlfOCghJ/7zrvuHAcPECxEiDNTC43/QKsdagxVlsAsGECxuU1TjXu0giQ2/ad3+rcKQyzCGoUVSq102rYOB2lRb/SyzUTuNyCBNk0Xf4ZzYhigB4w6cwF5U1G1Zd9W9PfBA4STka5Vef3AWaC7pULTMqF53mhAM0c8o9vVwmpLQg8+Tk5EPfQhn2IJnL7I7ISdMGwztkZNJ/9/2vT68BEhyRshKJBBgGcTFjUAjT6ICMdYmvZHv3rDzBMDQV9j8ABBrPnfdyURdukHXjZQVrNlQfNAQ+yX6jIKnqKwGkBKLj4ns08lQ8zVh04ZZ58dckKpIuR3hnas1e/DMkZZUTznVZVunJWc9nC653b7OSmh+4kLxkqm7Z7tvoMXr4pgrOiyG1Te2g8eIBCFzDM4BSeuj0ca0FDBkOY6SX3dgkLUChqb2/D/VA+qKk4ABmroEpsEaO0BOAmnQWxkYNZ++9hsbz+9lvfjNUevqDK021fVesUcJjRhJf9EHZ/0RSEXyO4+SyEFOkhhEKBJUl8jAsQCSKLENqQNJqVAb89ym6L6uYhnAApgVml0n20WY294SqTmOfbyevvpfVULOWvtMk59uEhZeDn0QL84fMa0R2PAuQBGHmcNpZtwBEhLAMk78eAudwtQ3zZcR0UiV0dYth1yVmSinH9ZbgsnM0q8LZKxSalkwkD8cTknMP2ik4xyImKu5j2AQ4NFARWcDRGtaESApPkgXQUrjmLRKmI1yUFcRAI2DBvB5RTmWuR+lPlsaDvzRpm1TdAovijrhIkwqPKBGGUr1TgisZxxnQ0QcroXpZG9o0TOKzdFXvvAgInKhGqYgEPwfnQMu9vWQiyFU6OBoXSLAAkIIFrJ3FcHcQFD3jUEBeJXKGvkwumLEg73sQfRrFTtsGV0LFlseioG2u3i1IqVByZir3DMaaMcTYXmhN+/yTynaOi11PElCQtQ2PkpWAcBLqbwMs5mv0OLJ2DRwznZ14gilojo5lk3XW0R6ywaYszpi0aWQYYf5UvR/oy2noEoZSd85Vmy8gDCM/IsWLZYpZuea/GZfGFEbWKyGAkmtAccBXDxTbbiXYVe2vKuizZpo+YVASIi2u64ywY9cA44iItybAME3wWliXTjadNKTK/ZHohFALGBlqfQVwEIz9IOYIiKcBFErbrGDnQbRMk2K6+7ADYCxAo3SUJJUrOoC/HqXENBAMycLmZSGyB2SwLyN3Auatvj7HzKAKLX892EkmtLtqoAUTN1U02OtOU2ItnX769D5fr3RoDgsLpoUjlRVKmw0sWgxCcnPqV2yjr22gDBZ4Fzj/HDA5/3f9hzdwUI97C5CftnVAVI0/RzbbndxTpFgND7z6ru2ImifscED6ILfH1/uUk1DyCcskkEwIhRBSDoDF/Z4wcQNvSPD5nvgX51h7Yk6CNBKjv3CJCUIlq4mRDztpOntDGoaw3Y0AECCQEroCVcx8WHUgQipQ3WLwBb5oCsC8ay+yNAUgpp6X8Wd51nyEkZsfXv2v7LPuFH3TsOAFFL4Nrp6rFd9rcr93B1nLrS3Pe6CBCLckSpkuK6aEpk9VJfkpbfh1KNA821gaQvQOzna+xU0ezqiFg88xcfG4cjpYd8T33VPbif7rpVgyjLKV/9iggQi2ZEj5LNh08BcyqKaxtDAUI0LXkVZcMHIIS0UzVSzcGEqGDxyjaX0XfXBYiKqL6mco0qYD4PbQ2n5FAESGZ3ajEH5GlawLVRe4k8BzasqxhRBSDoNXs3FreOIy4Kr7zmXjQFEI3L8ukryYGEiAvNXWlSdqg09fcIkBxKJoUKjpkFw/S7YqlfGHzRIl1PKxtuW2PqTpUNF4DgpMO7DldSJZmgRELh+RsbT4vkEVnL/ydUnlB9Rl0O4uts1YapzKFquH8Z3Zr4ewRIARXtAnN4hRG5+KnrIeZ16kV37aw6CiDMhyBE/CMq+xM2QiVCampp/BYAwGtuV0tkHlQrRO+qCxBNyCIYEkCWDQwVlPPBF5QUhFs/698pu7fLv0eAjKA2OgkVDfFZMFhIolyR69kE2P2TaNeKdk3tpOsSZsJ7iwBCu2aieG0xkIrnpN1yMucNqiRyj10tkXgqEpiooMKo6ijkHg34JJ4NE6094FKEjWgmJuKdZmEiEtbJk28bLBEgDhRGsSXUnI2UV0Xd4RG5l3Div7Cv/O4iT7p9J4AgihcPfdkA6HAvwlzykpWqAoSNj1e/yoAbI/Zhaat4vlR5Te1rI0AqkFB7UlBlnFMQMQE53wc0Glj41b3lEa+jAMLmpDQpIfFF7Q2KPpFYJ0qv3rt2ro5VFSCaXchOzysGzkEA1wWMhNVsnG7fGVthWUdeGgHSFCUrPgfxCHHIpUiDDZCNK0UetVo38Ix3Txi9xmcgnhHSYVdRoeOwJjqVhbvzTi3i0Fd5Up/vdr0nAsSVUg1fp2U1XYqwZfNBEE1QyjXbD85BdRD0iGzIe9G0OdWTYg1rZkUcOCRiGklPOlwAQj4I4ie95TdMN0yonh8XAdLTApCuSutll8qBWYAwZaxO+DvQJXRgVKBcJxmCRQP9g0QrwKGe6jyrlytA8GG8esgYMBAXQ/B+N7mkESBNUrPis1SUoYnoqLRWO402+wqsUTTgtEUkdIIDJ+bmg3MfJlg893YwJiIaRdu0NpX9fCJz920cXWAOXwqgtGtwVSRD0JdHgPS4PCpmuVaX15KiWX1DrVJwFDvFlQIPKPAo47RPsMWfUVYvV9MrnIeCd4TOYCImvGXSRgRIjyuKvoD4hJjiusESfSP1gmf1DYBAMhXKclE1klFWL8Q9CkgggrmYXnFGorOQkUg/8UkcESA9ryrmWaxQWJOeuc99MnARRKM8fYO0YbgJvQvtwbvwrgNIe+R548tmAtDgHjyLog6+BbHL3tP33yNAel4BxBSUdUQenww6Qsw5xe36U/pJhJ7vWCOSxF6dMaEd2YFekvXGu5CEgEc4Gfd/cUTVE5fLOKAYAAAILUlEQVRnhXxNBEgAq0MoC41FsUyRF+6TT4G+gbc/yx2KPg9PNlxmlHGg6F7AjIEBcY+c+qabiQawJHenEAESyGqoL4H4LIqluegA2alnW13nfRpmWPWe+wRe2h2wXHw4gZDXexoRIN6ka/ZGnHScyk10cOKEJ0r3dBpkyUwBA5G8RPT6FnPLdsCiPpdPNfxmKdfu0yJA2qVvpafbHZyaaBxDzBiRvYhsPM+nKY/9AU11wKpElJ4vjgDpeQGyr7c7OOHUs8uL+kzVtVJ72bOpBo+iX6cDVtk7Qvx7BEiAq6IORKYGQPCU++gkTXwavpa3jhlxDXGK4Mqs+biJ94T6jAiQQFcGyxZh52xQPO30SvexbtX5PKqM0OAU0Q+9hTm0We2lzlzbujcCpC3KNvBcfBsUQ0Bxp1I6ZllintoeiGVHzxmzMcYDzLhE6lZtTNr2PLt4fgRIF1Su8Q4SsvCRaOdaEo4ASls9M+Bc6Buaskv+ycNbJ99aVbREESA1Nm+Xt1KuhxNdAxXJ/abSexNASXqVXDaeca2bRegLKbmTGIBYZd0iQKpQq+dr8VwfOWc2svb7Q/RC7CLkAydjXspr3rRx+NHmDFMwXEM98DyPgMWtq3r+2EBeHwESyEJUmQabm0hauIpdvQQrE4GKNMhcssgkL/EDh9AGolzPDwq4nUuPngEoyDCcdOdfFVpHgFShVoDXIhIhHtFMh6Y8roUb8GeQbEVAI3kibVSQDJBclacUAVKZZOHeADiUQ6CrJFyDwmxiHHzU8kKEgsPAafryrYRLwc/PrDeA/OAdw/pffCAu1DhtmCHNlf3JPuUgYZ/6jHl37vhUhRJ56YA54When1e8zGcy8Z5IgSYpQN2zV98zTlIKUvgMb4BoZ1SXHn0+E4v3RArUpYA2VaqTUuwNkF99YuJ7XLq81v3QeH+kgA8FCM7Eabp1jciDDlX4897hDRDNosOS8tROn+nHeyIF2qWAduVyLajRKECwuKCHoMGQQdeER7hdcsWnD4kCVIokyxPrHwXGfX1D3hwEYlOVg3KZxBehi8QRKRAKBbTfCXFvlHr1HbUAAhd5+aCxZoXWesuXIPG+8aeAHtxYr57f4889oEQtgPAAZWX8m8Sge9aMP4HjF4wvBYh1o2wrvo8ndtbPf6kNEEh5+Jzp5MSgxx7509HLO76bbBxnjlOQ/H1i3Bg+NcoaVdKzD6Ou07vHjXedMAiqj9uVy8eR6HHO40EBah6TSkCNYaq/kP/SVGJaIxxEyUgV8zcOz4ZyIwOSj4ApGG87KaeRs4zHpgt1lhzApArgJddATw31Xzpl0oqbLITXKECUqLA5EE2gXRyRAm1TgMN398Z2cmBaAYgShJwFCi6Tmw3iaWncFma0C2si46Xda30qD7a9mJP6fOifhOqn9CfyuA1pAX/G1HwT1Yx7gWJ6cI62RqsAaWvSRc+FY1FJhNpUDMQ7mtu3sVBdf1uo7wMUJH6dvWJmCL0f2GwcdJMwJgoguiDUpSIGh8WjyDOWNfqjx9EsBZAKoDW5KwAC6yX1fidpTCRAWCAUuLeOzi4eVo1J7YHR9YZEiqKfO71NOIToaPXItsnMapxYgLBpELnePmaKGjAwP29DZl3U9ZaanPfRvPTYOREajjLQAfZvcS82MW6UmGiA6GKgk1C4WUvuUEEEH82kyMldbDoOG9pLEznBQHTdv9lUY5nkMQiAsICIAjTERGbm31QLQaGMUcjl2zsRpy6ZmDsOFep58TMEK+FgAKLbABGBWB21umAupEvT0GrWlsECPYNqkHBflHEGbaWpWN+mWbVsXl3/fXAAUQJnWzLjbEqAsmzYZmH8GZQgIluUsqkqTmXbUHe9Uft632ABAsE5JY+fN30ztIAb5mBOyrUAZUAOFMROuOqpy8ahy6DWFu3ehhxTN2iA2KcSHIWSoLQKYKCjoJ/AURDDJnUQ4Hf+mlG+tW87Hupd6/wahE4anSJAMiuKzP3hGREqYugAIAoWgDPug2A/AIGOofoF38RhsGt99BfZ6xsBUrDbAcixC8YZpoWmuXTFYgOW6SXjZSbGTEtMHKBQLsn3oHttWmX8GXxbHHMpEAFSsiOS1gKXTLwRNXTt2rlYc/AiA5blUyLzA+IuiEtY7K5cF7l8c9YHxOdiqqWe75bVxo8xIFWrMv4jQCqQDE4CR8EzTyiLyuw8gk2WVGZfbJxonMzkw3Sx+bA83ZgRuXnLGBsABLqFPQAFIhQhN5tWjBf3q7BEjV8aAeJJUjgJIKFHB2ZRRLJsZXbAAUgULLRA47/ZrHAbeoHwexSItPXBZ5+Z5yMqkSCE7nDjVgqM1E9hfwrPJVENaxwV4Pl3F2D1JGewt0WANLQ0M3eMfA9gkPHzengUvUqrt7OpkdIAAs8DFACkbJAjkVR9R9xDR6IZz9J61TzK3jmUv0eAtLjSiD5XEXtuGH1AWxvABWZmDDdATBvVE4TNT/IRXIcfkoUQ4ZalolxshdDiAjZR9qfd6Q3j6XAJnHOABc6R9AJJARHFon73QOQg/dI/vj1wCkSABL5AcXr9UiACpF/6x7cHToEIkMAXKE6vXwpEgPRL//j2wCkQARL4AsXp9UuBCJB+6R/fHjgFIkACX6A4vX4pEAHSL/3j2wOnQARI4AsUp9cvBSJA+qV/fHvgFIgACXyB4vT6pUAESL/0j28PnAIRIIEvUJxevxSIAOmX/vHtgVMgAiTwBYrT65cCESD90j++PXAKRIAEvkBxev1SIAKkX/rHtwdOgQiQwBcoTq9fCkSA9Ev/+PbAKfD/w2y1xt0nlJMAAAAASUVORK5CYII="
          />
        </div>
        <div
          class="ant-empty-description"
        >
          No Data
        </div>
      </div>
    </div>
  </div>,
  "debug": [Function],
  "findAllByAltText": [Function],
  "findAllByDisplayValue": [Function],
  "findAllByLabelText": [Function],
  "findAllByPlaceholderText": [Function],
  "findAllByRole": [Function],
  "findAllByTestId": [Function],
  "findAllByText": [Function],
  "findAllByTitle": [Function],
  "findByAltText": [Function],
  "findByDisplayValue": [Function],
  "findByLabelText": [Function],
  "findByPlaceholderText": [Function],
  "findByRole": [Function],
  "findByTestId": [Function],
  "findByText": [Function],
  "findByTitle": [Function],
  "getAllByAltText": [Function],
  "getAllByDisplayValue": [Function],
  "getAllByLabelText": [Function],
  "getAllByPlaceholderText": [Function],
  "getAllByRole": [Function],
  "getAllByTestId": [Function],
  "getAllByText": [Function],
  "getAllByTitle": [Function],
  "getByAltText": [Function],
  "getByDisplayValue": [Function],
  "getByLabelText": [Function],
  "getByPlaceholderText": [Function],
  "getByRole": [Function],
  "getByTestId": [Function],
  "getByText": [Function],
  "getByTitle": [Function],
  "queryAllByAltText": [Function],
  "queryAllByDisplayValue": [Function],
  "queryAllByLabelText": [Function],
  "queryAllByPlaceholderText": [Function],
  "queryAllByRole": [Function],
  "queryAllByTestId": [Function],
  "queryAllByText": [Function],
  "queryAllByTitle": [Function],
  "queryByAltText": [Function],
  "queryByDisplayValue": [Function],
  "queryByLabelText": [Function],
  "queryByPlaceholderText": [Function],
  "queryByRole": [Function],
  "queryByTestId": [Function],
  "queryByText": [Function],
  "queryByTitle": [Function],
  "rerender": [Function],
  "unmount": [Function],
}
`;
