// Jest Snapshot v1, https://goo.gl/fbAQLP

exports[`Test Chat Message Match Snapshots: default 1`] = `
<DocumentFragment>
  <section
    class="dtc__message__container"
  >
    <div
      class="dtc__message__avatar"
    >
      <span
        class="dtc__icon"
      >
        <svg
          fill="none"
          height="1em"
          viewBox="0 0 16 16"
          width="1em"
          xmlns="http://www.w3.org/2000/svg"
        >
          <path
            clip-rule="evenodd"
            d="M13.2249 2.24668C12.5545 1.83267 11.6454 1.84694 10.6692 2.13558C10.482 1.96208 10.2315 1.85602 9.95613 1.85602C9.37667 1.85602 8.90692 2.32577 8.90692 2.90523C8.90692 3.48469 9.37667 3.95444 9.95613 3.95444C10.475 3.95444 10.9058 3.57787 10.9903 3.08314C11.8066 2.84774 12.3783 2.89916 12.6994 3.09749C13.0386 3.307 13.2721 3.81542 13.0387 4.82216C12.8098 5.80962 12.1687 7.04337 11.19 8.30528C10.2872 9.46932 9.1701 10.563 8.00924 11.4242C7.85403 11.309 7.69829 11.1888 7.54246 11.0635C6.45332 10.1883 5.44006 9.13558 4.63395 8.04889C5.08983 7.43435 5.61835 6.82198 6.2003 6.24003C6.39556 6.04477 6.39556 5.72819 6.2003 5.53293C6.00504 5.33766 5.68846 5.33766 5.49319 5.53293C4.96591 6.06021 4.47627 6.61494 4.03849 7.17937C3.33769 6.06253 2.95286 5.05034 2.89459 4.28651C2.86262 3.86738 2.9324 3.5722 3.04732 3.37607C3.15616 3.19032 3.3283 3.05298 3.5965 2.98067C4.17696 2.82416 5.14096 2.99647 6.36827 3.63487C7.57146 4.26073 8.8626 5.24974 10.0126 6.43768C10.2047 6.63609 10.5212 6.64122 10.7196 6.44915C10.918 6.25708 10.9232 5.94054 10.7311 5.74214C9.52047 4.49158 8.14491 3.43182 6.82973 2.74771C5.53869 2.07616 4.28848 1.75838 3.33617 2.01515C2.83799 2.14947 2.43782 2.43823 2.18452 2.87052C1.9373 3.29243 1.85513 3.80725 1.89749 4.36257C1.97977 5.44118 2.53563 6.74106 3.41055 8.04888C3.09627 8.51867 2.82218 8.98889 2.59626 9.44961C1.96985 10.727 1.6998 11.9623 2.02581 12.8839C2.197 13.3679 2.52392 13.7358 2.97831 13.9516C3.42032 14.1615 3.94762 14.2116 4.513 14.1415C5.55132 14.0129 6.77601 13.4726 8.00924 12.6476C8.97593 13.2942 9.9375 13.7661 10.8079 14.0017C11.9796 14.3189 13.0998 14.2252 13.7179 13.4017C14.2314 12.7178 14.2295 11.7357 13.9168 10.6895C14.0549 10.5119 14.1371 10.2887 14.1371 10.0463C14.1371 9.46682 13.6673 8.99707 13.0878 8.99707C12.5084 8.99707 12.0386 9.46682 12.0386 10.0463C12.0386 10.5935 12.4576 11.0429 12.9922 11.0912C13.2261 11.9404 13.141 12.5046 12.9182 12.8014C12.6798 13.119 12.1181 13.3204 11.0692 13.0365C10.4136 12.859 9.66391 12.5122 8.87876 12.0196C10.0149 11.1384 11.0939 10.0608 11.9802 8.91814C13.009 7.59159 13.7396 6.22667 14.0129 5.04802C14.2817 3.88865 14.1168 2.79755 13.2249 2.24668ZM3.49412 9.88989C3.64988 9.57224 3.83234 9.24694 4.03848 8.91841C4.86023 9.97789 5.85456 10.99 6.91605 11.843C6.99046 11.9028 7.06503 11.9617 7.13973 12.0196C6.09871 12.6728 5.14128 13.0561 4.39004 13.1491C3.94819 13.2039 3.62654 13.1524 3.4073 13.0483C3.20043 12.95 3.05381 12.7914 2.96856 12.5504C2.7817 12.0222 2.89898 11.1035 3.49412 9.88989ZM7.18854 7.99999C7.18854 7.5518 7.55186 7.18848 8.00005 7.18848C8.44824 7.18848 8.81157 7.5518 8.81157 7.99999C8.81157 8.44818 8.44824 8.81151 8.00005 8.81151C7.55186 8.81151 7.18854 8.44818 7.18854 7.99999ZM8.00005 6.18848C6.99958 6.18848 6.18854 6.99952 6.18854 7.99999C6.18854 9.00046 6.99958 9.81151 8.00005 9.81151C9.00052 9.81151 9.81157 9.00046 9.81157 7.99999C9.81157 6.99952 9.00052 6.18848 8.00005 6.18848Z"
            fill="url(#paint0_linear_5380_77452)"
            fill-rule="evenodd"
          />
          <defs>
            <lineargradient
              gradientUnits="userSpaceOnUse"
              id="paint0_linear_5380_77452"
              x1="1.88672"
              x2="16.6535"
              y1="1.85602"
              y2="7.14405"
            >
              <stop
                stop-color="#00BAC6"
              />
              <stop
                offset="0.5"
                stop-color="#0067FF"
              />
              <stop
                offset="1"
                stop-color="#450FDE"
              />
            </lineargradient>
          </defs>
        </svg>
      </span>
    </div>
    <div
      class="dtc__message__wrapper"
    >
      <div
        class="dtc__message__content"
      >
        <div
          class="dtc__message__footer"
        />
      </div>
    </div>
    <div
      class="ant-space ant-space-horizontal ant-space-align-center dtc__message__iconGroup"
    >
      <div
        class="ant-space-item"
      >
        <span
          class="dtc-copy dtc__message__icon"
          style="font-size: 16px;"
        >
          <span
            class="dtc__icon"
          >
            <svg
              height="1em"
              viewBox="0 0 16 16"
              width="1em"
              xmlns="http://www.w3.org/2000/svg"
            >
              <g
                fill="none"
                fill-rule="evenodd"
                stroke="none"
                stroke-width="1"
              >
                <g
                  transform="translate(-340 -367)"
                >
                  <g
                    transform="translate(201 320)"
                  >
                    <g
                      transform="translate(139 47)"
                    >
                      <path
                        d="M11 1.5A1.5 1.5 0 0112.5 3v.25h.5a1.5 1.5 0 011.5 1.5v8a1.5 1.5 0 01-1.5 1.5H5a1.5 1.5 0 01-1.5-1.5v-.25H3a1.5 1.5 0 01-1.493-1.356L1.5 11V3A1.5 1.5 0 013 1.5zm1.5 9.5a1.5 1.5 0 01-1.5 1.5H4.5v.25a.5.5 0 00.5.5h8a.5.5 0 00.5-.5v-8a.5.5 0 00-.5-.5h-.5zM11 2.5H3a.5.5 0 00-.5.5v8a.5.5 0 00.5.5h8a.5.5 0 00.5-.5V3a.5.5 0 00-.5-.5zm-4 1a.5.5 0 01.5.5v2.5H10a.5.5 0 110 1H7.5V10a.5.5 0 11-1 0V7.5H4a.5.5 0 010-1h2.5V4a.5.5 0 01.5-.5z"
                        fill="currentColor"
                      />
                    </g>
                  </g>
                </g>
              </g>
            </svg>
          </span>
        </span>
      </div>
    </div>
  </section>
</DocumentFragment>
`;

exports[`Test Chat Message Match Snapshots: empty 1`] = `
<DocumentFragment>
  <section
    class="dtc__message__container"
  >
    <div
      class="dtc__message__avatar"
    >
      <span
        class="dtc__icon"
      >
        <svg
          fill="none"
          height="1em"
          viewBox="0 0 16 16"
          width="1em"
          xmlns="http://www.w3.org/2000/svg"
        >
          <path
            clip-rule="evenodd"
            d="M13.2249 2.24668C12.5545 1.83267 11.6454 1.84694 10.6692 2.13558C10.482 1.96208 10.2315 1.85602 9.95613 1.85602C9.37667 1.85602 8.90692 2.32577 8.90692 2.90523C8.90692 3.48469 9.37667 3.95444 9.95613 3.95444C10.475 3.95444 10.9058 3.57787 10.9903 3.08314C11.8066 2.84774 12.3783 2.89916 12.6994 3.09749C13.0386 3.307 13.2721 3.81542 13.0387 4.82216C12.8098 5.80962 12.1687 7.04337 11.19 8.30528C10.2872 9.46932 9.1701 10.563 8.00924 11.4242C7.85403 11.309 7.69829 11.1888 7.54246 11.0635C6.45332 10.1883 5.44006 9.13558 4.63395 8.04889C5.08983 7.43435 5.61835 6.82198 6.2003 6.24003C6.39556 6.04477 6.39556 5.72819 6.2003 5.53293C6.00504 5.33766 5.68846 5.33766 5.49319 5.53293C4.96591 6.06021 4.47627 6.61494 4.03849 7.17937C3.33769 6.06253 2.95286 5.05034 2.89459 4.28651C2.86262 3.86738 2.9324 3.5722 3.04732 3.37607C3.15616 3.19032 3.3283 3.05298 3.5965 2.98067C4.17696 2.82416 5.14096 2.99647 6.36827 3.63487C7.57146 4.26073 8.8626 5.24974 10.0126 6.43768C10.2047 6.63609 10.5212 6.64122 10.7196 6.44915C10.918 6.25708 10.9232 5.94054 10.7311 5.74214C9.52047 4.49158 8.14491 3.43182 6.82973 2.74771C5.53869 2.07616 4.28848 1.75838 3.33617 2.01515C2.83799 2.14947 2.43782 2.43823 2.18452 2.87052C1.9373 3.29243 1.85513 3.80725 1.89749 4.36257C1.97977 5.44118 2.53563 6.74106 3.41055 8.04888C3.09627 8.51867 2.82218 8.98889 2.59626 9.44961C1.96985 10.727 1.6998 11.9623 2.02581 12.8839C2.197 13.3679 2.52392 13.7358 2.97831 13.9516C3.42032 14.1615 3.94762 14.2116 4.513 14.1415C5.55132 14.0129 6.77601 13.4726 8.00924 12.6476C8.97593 13.2942 9.9375 13.7661 10.8079 14.0017C11.9796 14.3189 13.0998 14.2252 13.7179 13.4017C14.2314 12.7178 14.2295 11.7357 13.9168 10.6895C14.0549 10.5119 14.1371 10.2887 14.1371 10.0463C14.1371 9.46682 13.6673 8.99707 13.0878 8.99707C12.5084 8.99707 12.0386 9.46682 12.0386 10.0463C12.0386 10.5935 12.4576 11.0429 12.9922 11.0912C13.2261 11.9404 13.141 12.5046 12.9182 12.8014C12.6798 13.119 12.1181 13.3204 11.0692 13.0365C10.4136 12.859 9.66391 12.5122 8.87876 12.0196C10.0149 11.1384 11.0939 10.0608 11.9802 8.91814C13.009 7.59159 13.7396 6.22667 14.0129 5.04802C14.2817 3.88865 14.1168 2.79755 13.2249 2.24668ZM3.49412 9.88989C3.64988 9.57224 3.83234 9.24694 4.03848 8.91841C4.86023 9.97789 5.85456 10.99 6.91605 11.843C6.99046 11.9028 7.06503 11.9617 7.13973 12.0196C6.09871 12.6728 5.14128 13.0561 4.39004 13.1491C3.94819 13.2039 3.62654 13.1524 3.4073 13.0483C3.20043 12.95 3.05381 12.7914 2.96856 12.5504C2.7817 12.0222 2.89898 11.1035 3.49412 9.88989ZM7.18854 7.99999C7.18854 7.5518 7.55186 7.18848 8.00005 7.18848C8.44824 7.18848 8.81157 7.5518 8.81157 7.99999C8.81157 8.44818 8.44824 8.81151 8.00005 8.81151C7.55186 8.81151 7.18854 8.44818 7.18854 7.99999ZM8.00005 6.18848C6.99958 6.18848 6.18854 6.99952 6.18854 7.99999C6.18854 9.00046 6.99958 9.81151 8.00005 9.81151C9.00052 9.81151 9.81157 9.00046 9.81157 7.99999C9.81157 6.99952 9.00052 6.18848 8.00005 6.18848Z"
            fill="url(#paint0_linear_5380_77452)"
            fill-rule="evenodd"
          />
          <defs>
            <lineargradient
              gradientUnits="userSpaceOnUse"
              id="paint0_linear_5380_77452"
              x1="1.88672"
              x2="16.6535"
              y1="1.85602"
              y2="7.14405"
            >
              <stop
                stop-color="#00BAC6"
              />
              <stop
                offset="0.5"
                stop-color="#0067FF"
              />
              <stop
                offset="1"
                stop-color="#450FDE"
              />
            </lineargradient>
          </defs>
        </svg>
      </span>
    </div>
    <div
      class="dtc__message__wrapper"
    >
      <div
        class="dtc__message__content"
      >
        <div
          class="dtc__message__footer"
        />
      </div>
    </div>
    <div
      class="ant-space ant-space-horizontal ant-space-align-center dtc__message__iconGroup"
    />
  </section>
</DocumentFragment>
`;

exports[`Test Chat Message Match Snapshots: generating 1`] = `
<DocumentFragment>
  <section
    class="dtc__message__container"
  >
    <div
      class="dtc__message__avatar"
    >
      <span
        class="dtc__icon"
      >
        <svg
          fill="none"
          height="1em"
          viewBox="0 0 16 16"
          width="1em"
          xmlns="http://www.w3.org/2000/svg"
        >
          <path
            clip-rule="evenodd"
            d="M13.2249 2.24668C12.5545 1.83267 11.6454 1.84694 10.6692 2.13558C10.482 1.96208 10.2315 1.85602 9.95613 1.85602C9.37667 1.85602 8.90692 2.32577 8.90692 2.90523C8.90692 3.48469 9.37667 3.95444 9.95613 3.95444C10.475 3.95444 10.9058 3.57787 10.9903 3.08314C11.8066 2.84774 12.3783 2.89916 12.6994 3.09749C13.0386 3.307 13.2721 3.81542 13.0387 4.82216C12.8098 5.80962 12.1687 7.04337 11.19 8.30528C10.2872 9.46932 9.1701 10.563 8.00924 11.4242C7.85403 11.309 7.69829 11.1888 7.54246 11.0635C6.45332 10.1883 5.44006 9.13558 4.63395 8.04889C5.08983 7.43435 5.61835 6.82198 6.2003 6.24003C6.39556 6.04477 6.39556 5.72819 6.2003 5.53293C6.00504 5.33766 5.68846 5.33766 5.49319 5.53293C4.96591 6.06021 4.47627 6.61494 4.03849 7.17937C3.33769 6.06253 2.95286 5.05034 2.89459 4.28651C2.86262 3.86738 2.9324 3.5722 3.04732 3.37607C3.15616 3.19032 3.3283 3.05298 3.5965 2.98067C4.17696 2.82416 5.14096 2.99647 6.36827 3.63487C7.57146 4.26073 8.8626 5.24974 10.0126 6.43768C10.2047 6.63609 10.5212 6.64122 10.7196 6.44915C10.918 6.25708 10.9232 5.94054 10.7311 5.74214C9.52047 4.49158 8.14491 3.43182 6.82973 2.74771C5.53869 2.07616 4.28848 1.75838 3.33617 2.01515C2.83799 2.14947 2.43782 2.43823 2.18452 2.87052C1.9373 3.29243 1.85513 3.80725 1.89749 4.36257C1.97977 5.44118 2.53563 6.74106 3.41055 8.04888C3.09627 8.51867 2.82218 8.98889 2.59626 9.44961C1.96985 10.727 1.6998 11.9623 2.02581 12.8839C2.197 13.3679 2.52392 13.7358 2.97831 13.9516C3.42032 14.1615 3.94762 14.2116 4.513 14.1415C5.55132 14.0129 6.77601 13.4726 8.00924 12.6476C8.97593 13.2942 9.9375 13.7661 10.8079 14.0017C11.9796 14.3189 13.0998 14.2252 13.7179 13.4017C14.2314 12.7178 14.2295 11.7357 13.9168 10.6895C14.0549 10.5119 14.1371 10.2887 14.1371 10.0463C14.1371 9.46682 13.6673 8.99707 13.0878 8.99707C12.5084 8.99707 12.0386 9.46682 12.0386 10.0463C12.0386 10.5935 12.4576 11.0429 12.9922 11.0912C13.2261 11.9404 13.141 12.5046 12.9182 12.8014C12.6798 13.119 12.1181 13.3204 11.0692 13.0365C10.4136 12.859 9.66391 12.5122 8.87876 12.0196C10.0149 11.1384 11.0939 10.0608 11.9802 8.91814C13.009 7.59159 13.7396 6.22667 14.0129 5.04802C14.2817 3.88865 14.1168 2.79755 13.2249 2.24668ZM3.49412 9.88989C3.64988 9.57224 3.83234 9.24694 4.03848 8.91841C4.86023 9.97789 5.85456 10.99 6.91605 11.843C6.99046 11.9028 7.06503 11.9617 7.13973 12.0196C6.09871 12.6728 5.14128 13.0561 4.39004 13.1491C3.94819 13.2039 3.62654 13.1524 3.4073 13.0483C3.20043 12.95 3.05381 12.7914 2.96856 12.5504C2.7817 12.0222 2.89898 11.1035 3.49412 9.88989ZM7.18854 7.99999C7.18854 7.5518 7.55186 7.18848 8.00005 7.18848C8.44824 7.18848 8.81157 7.5518 8.81157 7.99999C8.81157 8.44818 8.44824 8.81151 8.00005 8.81151C7.55186 8.81151 7.18854 8.44818 7.18854 7.99999ZM8.00005 6.18848C6.99958 6.18848 6.18854 6.99952 6.18854 7.99999C6.18854 9.00046 6.99958 9.81151 8.00005 9.81151C9.00052 9.81151 9.81157 9.00046 9.81157 7.99999C9.81157 6.99952 9.00052 6.18848 8.00005 6.18848Z"
            fill="url(#paint0_linear_5380_77452)"
            fill-rule="evenodd"
          />
          <defs>
            <lineargradient
              gradientUnits="userSpaceOnUse"
              id="paint0_linear_5380_77452"
              x1="1.88672"
              x2="16.6535"
              y1="1.85602"
              y2="7.14405"
            >
              <stop
                stop-color="#00BAC6"
              />
              <stop
                offset="0.5"
                stop-color="#0067FF"
              />
              <stop
                offset="1"
                stop-color="#450FDE"
              />
            </lineargradient>
          </defs>
        </svg>
      </span>
    </div>
    <div
      class="dtc__message__wrapper"
    >
      <div
        class="dtc__message__content"
      >
        <div
          class="dtc__message__footer"
        />
      </div>
      <div
        class="dtc__message__extra"
      >
        <button
          class="ant-btn ant-btn-link dtc__message__stopBtn"
          type="button"
        >
          <span
            class="dtc__icon"
            style="font-size: 16px; vertical-align: sub;"
          >
            <svg
              fill="none"
              height="1em"
              viewBox="0 0 16 16"
              width="1em"
              xmlns="http://www.w3.org/2000/svg"
            >
              <path
                clip-rule="evenodd"
                d="M1.332 7.999a6.666 6.666 0 016.667-6.667 6.666 6.666 0 016.666 6.667A6.666 6.666 0 018 14.665 6.666 6.666 0 011.332 8zm12.333 0A5.666 5.666 0 008 2.332a5.665 5.665 0 00-5.667 5.667 5.666 5.666 0 005.667 5.666A5.666 5.666 0 0013.665 8zM6.972 6.125a.5.5 0 01.5.5v2.747a.5.5 0 01-1 0V6.625a.5.5 0 01.5-.5zm2.553.5a.5.5 0 10-1 0v2.747a.5.5 0 001 0V6.625z"
                fill="currentColor"
                fill-rule="evenodd"
              />
            </svg>
          </span>
          <span>
            停止回答
          </span>
        </button>
      </div>
    </div>
  </section>
</DocumentFragment>
`;

exports[`Test Chat Message Match Snapshots: pending 1`] = `
<DocumentFragment>
  <section
    class="dtc__message__container"
  >
    <div
      class="dtc__message__avatar"
    >
      <span
        class="dtc__icon"
      >
        <svg
          fill="none"
          height="1em"
          viewBox="0 0 16 16"
          width="1em"
          xmlns="http://www.w3.org/2000/svg"
        >
          <path
            clip-rule="evenodd"
            d="M13.2249 2.24668C12.5545 1.83267 11.6454 1.84694 10.6692 2.13558C10.482 1.96208 10.2315 1.85602 9.95613 1.85602C9.37667 1.85602 8.90692 2.32577 8.90692 2.90523C8.90692 3.48469 9.37667 3.95444 9.95613 3.95444C10.475 3.95444 10.9058 3.57787 10.9903 3.08314C11.8066 2.84774 12.3783 2.89916 12.6994 3.09749C13.0386 3.307 13.2721 3.81542 13.0387 4.82216C12.8098 5.80962 12.1687 7.04337 11.19 8.30528C10.2872 9.46932 9.1701 10.563 8.00924 11.4242C7.85403 11.309 7.69829 11.1888 7.54246 11.0635C6.45332 10.1883 5.44006 9.13558 4.63395 8.04889C5.08983 7.43435 5.61835 6.82198 6.2003 6.24003C6.39556 6.04477 6.39556 5.72819 6.2003 5.53293C6.00504 5.33766 5.68846 5.33766 5.49319 5.53293C4.96591 6.06021 4.47627 6.61494 4.03849 7.17937C3.33769 6.06253 2.95286 5.05034 2.89459 4.28651C2.86262 3.86738 2.9324 3.5722 3.04732 3.37607C3.15616 3.19032 3.3283 3.05298 3.5965 2.98067C4.17696 2.82416 5.14096 2.99647 6.36827 3.63487C7.57146 4.26073 8.8626 5.24974 10.0126 6.43768C10.2047 6.63609 10.5212 6.64122 10.7196 6.44915C10.918 6.25708 10.9232 5.94054 10.7311 5.74214C9.52047 4.49158 8.14491 3.43182 6.82973 2.74771C5.53869 2.07616 4.28848 1.75838 3.33617 2.01515C2.83799 2.14947 2.43782 2.43823 2.18452 2.87052C1.9373 3.29243 1.85513 3.80725 1.89749 4.36257C1.97977 5.44118 2.53563 6.74106 3.41055 8.04888C3.09627 8.51867 2.82218 8.98889 2.59626 9.44961C1.96985 10.727 1.6998 11.9623 2.02581 12.8839C2.197 13.3679 2.52392 13.7358 2.97831 13.9516C3.42032 14.1615 3.94762 14.2116 4.513 14.1415C5.55132 14.0129 6.77601 13.4726 8.00924 12.6476C8.97593 13.2942 9.9375 13.7661 10.8079 14.0017C11.9796 14.3189 13.0998 14.2252 13.7179 13.4017C14.2314 12.7178 14.2295 11.7357 13.9168 10.6895C14.0549 10.5119 14.1371 10.2887 14.1371 10.0463C14.1371 9.46682 13.6673 8.99707 13.0878 8.99707C12.5084 8.99707 12.0386 9.46682 12.0386 10.0463C12.0386 10.5935 12.4576 11.0429 12.9922 11.0912C13.2261 11.9404 13.141 12.5046 12.9182 12.8014C12.6798 13.119 12.1181 13.3204 11.0692 13.0365C10.4136 12.859 9.66391 12.5122 8.87876 12.0196C10.0149 11.1384 11.0939 10.0608 11.9802 8.91814C13.009 7.59159 13.7396 6.22667 14.0129 5.04802C14.2817 3.88865 14.1168 2.79755 13.2249 2.24668ZM3.49412 9.88989C3.64988 9.57224 3.83234 9.24694 4.03848 8.91841C4.86023 9.97789 5.85456 10.99 6.91605 11.843C6.99046 11.9028 7.06503 11.9617 7.13973 12.0196C6.09871 12.6728 5.14128 13.0561 4.39004 13.1491C3.94819 13.2039 3.62654 13.1524 3.4073 13.0483C3.20043 12.95 3.05381 12.7914 2.96856 12.5504C2.7817 12.0222 2.89898 11.1035 3.49412 9.88989ZM7.18854 7.99999C7.18854 7.5518 7.55186 7.18848 8.00005 7.18848C8.44824 7.18848 8.81157 7.5518 8.81157 7.99999C8.81157 8.44818 8.44824 8.81151 8.00005 8.81151C7.55186 8.81151 7.18854 8.44818 7.18854 7.99999ZM8.00005 6.18848C6.99958 6.18848 6.18854 6.99952 6.18854 7.99999C6.18854 9.00046 6.99958 9.81151 8.00005 9.81151C9.00052 9.81151 9.81157 9.00046 9.81157 7.99999C9.81157 6.99952 9.00052 6.18848 8.00005 6.18848Z"
            fill="url(#paint0_linear_5380_77452)"
            fill-rule="evenodd"
          />
          <defs>
            <lineargradient
              gradientUnits="userSpaceOnUse"
              id="paint0_linear_5380_77452"
              x1="1.88672"
              x2="16.6535"
              y1="1.85602"
              y2="7.14405"
            >
              <stop
                stop-color="#00BAC6"
              />
              <stop
                offset="0.5"
                stop-color="#0067FF"
              />
              <stop
                offset="1"
                stop-color="#450FDE"
              />
            </lineargradient>
          </defs>
        </svg>
      </span>
    </div>
    <div
      class="dtc__message__wrapper"
    >
      <div
        class="dtc__message__content dtc__message__content--loading"
      >
        <div
          class="dtc__aigc__loading"
        >
          <div />
          <div />
          <div />
        </div>
        <div
          class="dtc__message__footer"
        />
      </div>
      <div
        class="dtc__message__extra"
      >
        <button
          class="ant-btn ant-btn-link dtc__message__stopBtn"
          type="button"
        >
          <span
            class="dtc__icon"
            style="font-size: 16px; vertical-align: sub;"
          >
            <svg
              fill="none"
              height="1em"
              viewBox="0 0 16 16"
              width="1em"
              xmlns="http://www.w3.org/2000/svg"
            >
              <path
                clip-rule="evenodd"
                d="M1.332 7.999a6.666 6.666 0 016.667-6.667 6.666 6.666 0 016.666 6.667A6.666 6.666 0 018 14.665 6.666 6.666 0 011.332 8zm12.333 0A5.666 5.666 0 008 2.332a5.665 5.665 0 00-5.667 5.667 5.666 5.666 0 005.667 5.666A5.666 5.666 0 0013.665 8zM6.972 6.125a.5.5 0 01.5.5v2.747a.5.5 0 01-1 0V6.625a.5.5 0 01.5-.5zm2.553.5a.5.5 0 10-1 0v2.747a.5.5 0 001 0V6.625z"
                fill="currentColor"
                fill-rule="evenodd"
              />
            </svg>
          </span>
          <span>
            停止回答
          </span>
        </button>
      </div>
    </div>
  </section>
</DocumentFragment>
`;

exports[`Test Chat Message Match Snapshots: stopped 1`] = `
<DocumentFragment>
  <section
    class="dtc__message__container"
  >
    <div
      class="dtc__message__avatar"
    >
      <span
        class="dtc__icon"
      >
        <svg
          fill="none"
          height="1em"
          viewBox="0 0 16 16"
          width="1em"
          xmlns="http://www.w3.org/2000/svg"
        >
          <path
            clip-rule="evenodd"
            d="M13.2249 2.24668C12.5545 1.83267 11.6454 1.84694 10.6692 2.13558C10.482 1.96208 10.2315 1.85602 9.95613 1.85602C9.37667 1.85602 8.90692 2.32577 8.90692 2.90523C8.90692 3.48469 9.37667 3.95444 9.95613 3.95444C10.475 3.95444 10.9058 3.57787 10.9903 3.08314C11.8066 2.84774 12.3783 2.89916 12.6994 3.09749C13.0386 3.307 13.2721 3.81542 13.0387 4.82216C12.8098 5.80962 12.1687 7.04337 11.19 8.30528C10.2872 9.46932 9.1701 10.563 8.00924 11.4242C7.85403 11.309 7.69829 11.1888 7.54246 11.0635C6.45332 10.1883 5.44006 9.13558 4.63395 8.04889C5.08983 7.43435 5.61835 6.82198 6.2003 6.24003C6.39556 6.04477 6.39556 5.72819 6.2003 5.53293C6.00504 5.33766 5.68846 5.33766 5.49319 5.53293C4.96591 6.06021 4.47627 6.61494 4.03849 7.17937C3.33769 6.06253 2.95286 5.05034 2.89459 4.28651C2.86262 3.86738 2.9324 3.5722 3.04732 3.37607C3.15616 3.19032 3.3283 3.05298 3.5965 2.98067C4.17696 2.82416 5.14096 2.99647 6.36827 3.63487C7.57146 4.26073 8.8626 5.24974 10.0126 6.43768C10.2047 6.63609 10.5212 6.64122 10.7196 6.44915C10.918 6.25708 10.9232 5.94054 10.7311 5.74214C9.52047 4.49158 8.14491 3.43182 6.82973 2.74771C5.53869 2.07616 4.28848 1.75838 3.33617 2.01515C2.83799 2.14947 2.43782 2.43823 2.18452 2.87052C1.9373 3.29243 1.85513 3.80725 1.89749 4.36257C1.97977 5.44118 2.53563 6.74106 3.41055 8.04888C3.09627 8.51867 2.82218 8.98889 2.59626 9.44961C1.96985 10.727 1.6998 11.9623 2.02581 12.8839C2.197 13.3679 2.52392 13.7358 2.97831 13.9516C3.42032 14.1615 3.94762 14.2116 4.513 14.1415C5.55132 14.0129 6.77601 13.4726 8.00924 12.6476C8.97593 13.2942 9.9375 13.7661 10.8079 14.0017C11.9796 14.3189 13.0998 14.2252 13.7179 13.4017C14.2314 12.7178 14.2295 11.7357 13.9168 10.6895C14.0549 10.5119 14.1371 10.2887 14.1371 10.0463C14.1371 9.46682 13.6673 8.99707 13.0878 8.99707C12.5084 8.99707 12.0386 9.46682 12.0386 10.0463C12.0386 10.5935 12.4576 11.0429 12.9922 11.0912C13.2261 11.9404 13.141 12.5046 12.9182 12.8014C12.6798 13.119 12.1181 13.3204 11.0692 13.0365C10.4136 12.859 9.66391 12.5122 8.87876 12.0196C10.0149 11.1384 11.0939 10.0608 11.9802 8.91814C13.009 7.59159 13.7396 6.22667 14.0129 5.04802C14.2817 3.88865 14.1168 2.79755 13.2249 2.24668ZM3.49412 9.88989C3.64988 9.57224 3.83234 9.24694 4.03848 8.91841C4.86023 9.97789 5.85456 10.99 6.91605 11.843C6.99046 11.9028 7.06503 11.9617 7.13973 12.0196C6.09871 12.6728 5.14128 13.0561 4.39004 13.1491C3.94819 13.2039 3.62654 13.1524 3.4073 13.0483C3.20043 12.95 3.05381 12.7914 2.96856 12.5504C2.7817 12.0222 2.89898 11.1035 3.49412 9.88989ZM7.18854 7.99999C7.18854 7.5518 7.55186 7.18848 8.00005 7.18848C8.44824 7.18848 8.81157 7.5518 8.81157 7.99999C8.81157 8.44818 8.44824 8.81151 8.00005 8.81151C7.55186 8.81151 7.18854 8.44818 7.18854 7.99999ZM8.00005 6.18848C6.99958 6.18848 6.18854 6.99952 6.18854 7.99999C6.18854 9.00046 6.99958 9.81151 8.00005 9.81151C9.00052 9.81151 9.81157 9.00046 9.81157 7.99999C9.81157 6.99952 9.00052 6.18848 8.00005 6.18848Z"
            fill="url(#paint0_linear_5380_77452)"
            fill-rule="evenodd"
          />
          <defs>
            <lineargradient
              gradientUnits="userSpaceOnUse"
              id="paint0_linear_5380_77452"
              x1="1.88672"
              x2="16.6535"
              y1="1.85602"
              y2="7.14405"
            >
              <stop
                stop-color="#00BAC6"
              />
              <stop
                offset="0.5"
                stop-color="#0067FF"
              />
              <stop
                offset="1"
                stop-color="#450FDE"
              />
            </lineargradient>
          </defs>
        </svg>
      </span>
    </div>
    <div
      class="dtc__message__wrapper"
    >
      <div
        class="dtc__message__content"
      >
        <div
          class="dtc__message__footer"
        >
          <span
            class="dtc__message__stopText"
          >
            回答已停止
          </span>
        </div>
      </div>
    </div>
    <div
      class="ant-space ant-space-horizontal ant-space-align-center dtc__message__iconGroup"
    >
      <div
        class="ant-space-item"
      >
        <span
          class="dtc-copy dtc__message__icon"
          style="font-size: 16px;"
        >
          <span
            class="dtc__icon"
          >
            <svg
              height="1em"
              viewBox="0 0 16 16"
              width="1em"
              xmlns="http://www.w3.org/2000/svg"
            >
              <g
                fill="none"
                fill-rule="evenodd"
                stroke="none"
                stroke-width="1"
              >
                <g
                  transform="translate(-340 -367)"
                >
                  <g
                    transform="translate(201 320)"
                  >
                    <g
                      transform="translate(139 47)"
                    >
                      <path
                        d="M11 1.5A1.5 1.5 0 0112.5 3v.25h.5a1.5 1.5 0 011.5 1.5v8a1.5 1.5 0 01-1.5 1.5H5a1.5 1.5 0 01-1.5-1.5v-.25H3a1.5 1.5 0 01-1.493-1.356L1.5 11V3A1.5 1.5 0 013 1.5zm1.5 9.5a1.5 1.5 0 01-1.5 1.5H4.5v.25a.5.5 0 00.5.5h8a.5.5 0 00.5-.5v-8a.5.5 0 00-.5-.5h-.5zM11 2.5H3a.5.5 0 00-.5.5v8a.5.5 0 00.5.5h8a.5.5 0 00.5-.5V3a.5.5 0 00-.5-.5zm-4 1a.5.5 0 01.5.5v2.5H10a.5.5 0 110 1H7.5V10a.5.5 0 11-1 0V7.5H4a.5.5 0 010-1h2.5V4a.5.5 0 01.5-.5z"
                        fill="currentColor"
                      />
                    </g>
                  </g>
                </g>
              </g>
            </svg>
          </span>
        </span>
      </div>
    </div>
  </section>
</DocumentFragment>
`;
