// Jest Snapshot v1, https://goo.gl/fbAQLP

exports[`test SlidePane  snapshot match 1`] = `<DocumentFragment />`;
